###############################################################################
#
# IAR ELF Linker V7.40.3.8902/W32 for ARM                 22/Mar/2016  18:03:19
# Copyright 2007-2015 IAR Systems AB.
#
#    Output file  =  
#        E:\TCL\SVN\WiFi_Module_KT731_Project\02_代码\qingke\Projects\STM32F4xx\COM.MXCHIP.SPP\EWARM\3165\Exe\COM.MXCHIP.SPP.out
#    Map file     =  
#        E:\TCL\SVN\WiFi_Module_KT731_Project\02_代码\qingke\Projects\STM32F4xx\COM.MXCHIP.SPP\EWARM\3165\List\COM.MXCHIP.SPP.map
#    Command line =  
#        E:\TCL\SVN\WiFi_Module_KT731_Project\02_代码\qingke\Projects\STM32F4xx\COM.MXCHIP.SPP\EWARM\3165\Obj\aes.o
#        E:\TCL\SVN\WiFi_Module_KT731_Project\02_代码\qingke\Projects\STM32F4xx\COM.MXCHIP.SPP\EWARM\3165\Obj\AESUtils.o
#        E:\TCL\SVN\WiFi_Module_KT731_Project\02_代码\qingke\Projects\STM32F4xx\COM.MXCHIP.SPP\EWARM\3165\Obj\apds9930.o
#        E:\TCL\SVN\WiFi_Module_KT731_Project\02_代码\qingke\Projects\STM32F4xx\COM.MXCHIP.SPP\EWARM\3165\Obj\arraylist.o
#        E:\TCL\SVN\WiFi_Module_KT731_Project\02_代码\qingke\Projects\STM32F4xx\COM.MXCHIP.SPP\EWARM\3165\Obj\AsciiLib.o
#        E:\TCL\SVN\WiFi_Module_KT731_Project\02_代码\qingke\Projects\STM32F4xx\COM.MXCHIP.SPP\EWARM\3165\Obj\bma2x2.o
#        E:\TCL\SVN\WiFi_Module_KT731_Project\02_代码\qingke\Projects\STM32F4xx\COM.MXCHIP.SPP\EWARM\3165\Obj\bma2x2_user.o
#        E:\TCL\SVN\WiFi_Module_KT731_Project\02_代码\qingke\Projects\STM32F4xx\COM.MXCHIP.SPP\EWARM\3165\Obj\bme280.o
#        E:\TCL\SVN\WiFi_Module_KT731_Project\02_代码\qingke\Projects\STM32F4xx\COM.MXCHIP.SPP\EWARM\3165\Obj\bme280_user.o
#        E:\TCL\SVN\WiFi_Module_KT731_Project\02_代码\qingke\Projects\STM32F4xx\COM.MXCHIP.SPP\EWARM\3165\Obj\bmg160.o
#        E:\TCL\SVN\WiFi_Module_KT731_Project\02_代码\qingke\Projects\STM32F4xx\COM.MXCHIP.SPP\EWARM\3165\Obj\bmg160_user.o
#        E:\TCL\SVN\WiFi_Module_KT731_Project\02_代码\qingke\Projects\STM32F4xx\COM.MXCHIP.SPP\EWARM\3165\Obj\bmm050.o
#        E:\TCL\SVN\WiFi_Module_KT731_Project\02_代码\qingke\Projects\STM32F4xx\COM.MXCHIP.SPP\EWARM\3165\Obj\bmm050_user.o
#        E:\TCL\SVN\WiFi_Module_KT731_Project\02_代码\qingke\Projects\STM32F4xx\COM.MXCHIP.SPP\EWARM\3165\Obj\CheckSumUtils.o
#        E:\TCL\SVN\WiFi_Module_KT731_Project\02_代码\qingke\Projects\STM32F4xx\COM.MXCHIP.SPP\EWARM\3165\Obj\cJSON.o
#        E:\TCL\SVN\WiFi_Module_KT731_Project\02_代码\qingke\Projects\STM32F4xx\COM.MXCHIP.SPP\EWARM\3165\Obj\common.o
#        E:\TCL\SVN\WiFi_Module_KT731_Project\02_代码\qingke\Projects\STM32F4xx\COM.MXCHIP.SPP\EWARM\3165\Obj\config_server.o
#        E:\TCL\SVN\WiFi_Module_KT731_Project\02_代码\qingke\Projects\STM32F4xx\COM.MXCHIP.SPP\EWARM\3165\Obj\config_server_menu.o
#        E:\TCL\SVN\WiFi_Module_KT731_Project\02_代码\qingke\Projects\STM32F4xx\COM.MXCHIP.SPP\EWARM\3165\Obj\crc.o
#        E:\TCL\SVN\WiFi_Module_KT731_Project\02_代码\qingke\Projects\STM32F4xx\COM.MXCHIP.SPP\EWARM\3165\Obj\crt0_EWARM.o
#        E:\TCL\SVN\WiFi_Module_KT731_Project\02_代码\qingke\Projects\STM32F4xx\COM.MXCHIP.SPP\EWARM\3165\Obj\dc_motor.o
#        E:\TCL\SVN\WiFi_Module_KT731_Project\02_代码\qingke\Projects\STM32F4xx\COM.MXCHIP.SPP\EWARM\3165\Obj\debug.o
#        E:\TCL\SVN\WiFi_Module_KT731_Project\02_代码\qingke\Projects\STM32F4xx\COM.MXCHIP.SPP\EWARM\3165\Obj\devproanaly.o
#        E:\TCL\SVN\WiFi_Module_KT731_Project\02_代码\qingke\Projects\STM32F4xx\COM.MXCHIP.SPP\EWARM\3165\Obj\DHT11.o
#        E:\TCL\SVN\WiFi_Module_KT731_Project\02_代码\qingke\Projects\STM32F4xx\COM.MXCHIP.SPP\EWARM\3165\Obj\geniot.o
#        E:\TCL\SVN\WiFi_Module_KT731_Project\02_代码\qingke\Projects\STM32F4xx\COM.MXCHIP.SPP\EWARM\3165\Obj\hardfault.o
#        E:\TCL\SVN\WiFi_Module_KT731_Project\02_代码\qingke\Projects\STM32F4xx\COM.MXCHIP.SPP\EWARM\3165\Obj\hsb2rgb_led.o
#        E:\TCL\SVN\WiFi_Module_KT731_Project\02_代码\qingke\Projects\STM32F4xx\COM.MXCHIP.SPP\EWARM\3165\Obj\HTTPUtils.o
#        E:\TCL\SVN\WiFi_Module_KT731_Project\02_代码\qingke\Projects\STM32F4xx\COM.MXCHIP.SPP\EWARM\3165\Obj\infrared_reflective.o
#        E:\TCL\SVN\WiFi_Module_KT731_Project\02_代码\qingke\Projects\STM32F4xx\COM.MXCHIP.SPP\EWARM\3165\Obj\joylink_crypt.o
#        E:\TCL\SVN\WiFi_Module_KT731_Project\02_代码\qingke\Projects\STM32F4xx\COM.MXCHIP.SPP\EWARM\3165\Obj\joylink_dev_lan.o
#        E:\TCL\SVN\WiFi_Module_KT731_Project\02_代码\qingke\Projects\STM32F4xx\COM.MXCHIP.SPP\EWARM\3165\Obj\joylink_dev_sdk.o
#        E:\TCL\SVN\WiFi_Module_KT731_Project\02_代码\qingke\Projects\STM32F4xx\COM.MXCHIP.SPP\EWARM\3165\Obj\joylink_dev_server.o
#        E:\TCL\SVN\WiFi_Module_KT731_Project\02_代码\qingke\Projects\STM32F4xx\COM.MXCHIP.SPP\EWARM\3165\Obj\joylink_extern.o
#        E:\TCL\SVN\WiFi_Module_KT731_Project\02_代码\qingke\Projects\STM32F4xx\COM.MXCHIP.SPP\EWARM\3165\Obj\joylink_extern_sub_dev.o
#        E:\TCL\SVN\WiFi_Module_KT731_Project\02_代码\qingke\Projects\STM32F4xx\COM.MXCHIP.SPP\EWARM\3165\Obj\joylink_join_packet.o
#        E:\TCL\SVN\WiFi_Module_KT731_Project\02_代码\qingke\Projects\STM32F4xx\COM.MXCHIP.SPP\EWARM\3165\Obj\joylink_json.o
#        E:\TCL\SVN\WiFi_Module_KT731_Project\02_代码\qingke\Projects\STM32F4xx\COM.MXCHIP.SPP\EWARM\3165\Obj\joylink_json_sub_dev.o
#        E:\TCL\SVN\WiFi_Module_KT731_Project\02_代码\qingke\Projects\STM32F4xx\COM.MXCHIP.SPP\EWARM\3165\Obj\joylink_list.o
#        E:\TCL\SVN\WiFi_Module_KT731_Project\02_代码\qingke\Projects\STM32F4xx\COM.MXCHIP.SPP\EWARM\3165\Obj\joylink_packets.o
#        E:\TCL\SVN\WiFi_Module_KT731_Project\02_代码\qingke\Projects\STM32F4xx\COM.MXCHIP.SPP\EWARM\3165\Obj\joylink_security.o
#        E:\TCL\SVN\WiFi_Module_KT731_Project\02_代码\qingke\Projects\STM32F4xx\COM.MXCHIP.SPP\EWARM\3165\Obj\joylink_sub_dev.o
#        E:\TCL\SVN\WiFi_Module_KT731_Project\02_代码\qingke\Projects\STM32F4xx\COM.MXCHIP.SPP\EWARM\3165\Obj\joylink_utils.o
#        E:\TCL\SVN\WiFi_Module_KT731_Project\02_代码\qingke\Projects\STM32F4xx\COM.MXCHIP.SPP\EWARM\3165\Obj\joylinkAES.o
#        E:\TCL\SVN\WiFi_Module_KT731_Project\02_代码\qingke\Projects\STM32F4xx\COM.MXCHIP.SPP\EWARM\3165\Obj\json_object.o
#        E:\TCL\SVN\WiFi_Module_KT731_Project\02_代码\qingke\Projects\STM32F4xx\COM.MXCHIP.SPP\EWARM\3165\Obj\json_tokener.o
#        E:\TCL\SVN\WiFi_Module_KT731_Project\02_代码\qingke\Projects\STM32F4xx\COM.MXCHIP.SPP\EWARM\3165\Obj\json_util.o
#        E:\TCL\SVN\WiFi_Module_KT731_Project\02_代码\qingke\Projects\STM32F4xx\COM.MXCHIP.SPP\EWARM\3165\Obj\keys.o
#        E:\TCL\SVN\WiFi_Module_KT731_Project\02_代码\qingke\Projects\STM32F4xx\COM.MXCHIP.SPP\EWARM\3165\Obj\light_sensor.o
#        E:\TCL\SVN\WiFi_Module_KT731_Project\02_代码\qingke\Projects\STM32F4xx\COM.MXCHIP.SPP\EWARM\3165\Obj\linkhash.o
#        E:\TCL\SVN\WiFi_Module_KT731_Project\02_代码\qingke\Projects\STM32F4xx\COM.MXCHIP.SPP\EWARM\3165\Obj\LocalTcpServer.o
#        E:\TCL\SVN\WiFi_Module_KT731_Project\02_代码\qingke\Projects\STM32F4xx\COM.MXCHIP.SPP\EWARM\3165\Obj\md5.o
#        E:\TCL\SVN\WiFi_Module_KT731_Project\02_代码\qingke\Projects\STM32F4xx\COM.MXCHIP.SPP\EWARM\3165\Obj\mico_cli.o
#        E:\TCL\SVN\WiFi_Module_KT731_Project\02_代码\qingke\Projects\STM32F4xx\COM.MXCHIP.SPP\EWARM\3165\Obj\mico_config.o
#        E:\TCL\SVN\WiFi_Module_KT731_Project\02_代码\qingke\Projects\STM32F4xx\COM.MXCHIP.SPP\EWARM\3165\Obj\mico_mdns.o
#        E:\TCL\SVN\WiFi_Module_KT731_Project\02_代码\qingke\Projects\STM32F4xx\COM.MXCHIP.SPP\EWARM\3165\Obj\mico_platform_common.o
#        E:\TCL\SVN\WiFi_Module_KT731_Project\02_代码\qingke\Projects\STM32F4xx\COM.MXCHIP.SPP\EWARM\3165\Obj\mico_system_init.o
#        E:\TCL\SVN\WiFi_Module_KT731_Project\02_代码\qingke\Projects\STM32F4xx\COM.MXCHIP.SPP\EWARM\3165\Obj\mico_system_monitor.o
#        E:\TCL\SVN\WiFi_Module_KT731_Project\02_代码\qingke\Projects\STM32F4xx\COM.MXCHIP.SPP\EWARM\3165\Obj\mico_system_notification.o
#        E:\TCL\SVN\WiFi_Module_KT731_Project\02_代码\qingke\Projects\STM32F4xx\COM.MXCHIP.SPP\EWARM\3165\Obj\mico_system_para_storage.o
#        E:\TCL\SVN\WiFi_Module_KT731_Project\02_代码\qingke\Projects\STM32F4xx\COM.MXCHIP.SPP\EWARM\3165\Obj\mico_system_power_daemon.o
#        E:\TCL\SVN\WiFi_Module_KT731_Project\02_代码\qingke\Projects\STM32F4xx\COM.MXCHIP.SPP\EWARM\3165\Obj\mico_tcl_ota.o
#        E:\TCL\SVN\WiFi_Module_KT731_Project\02_代码\qingke\Projects\STM32F4xx\COM.MXCHIP.SPP\EWARM\3165\Obj\MICOAppEntrance.o
#        E:\TCL\SVN\WiFi_Module_KT731_Project\02_代码\qingke\Projects\STM32F4xx\COM.MXCHIP.SPP\EWARM\3165\Obj\MICOBonjour.o
#        E:\TCL\SVN\WiFi_Module_KT731_Project\02_代码\qingke\Projects\STM32F4xx\COM.MXCHIP.SPP\EWARM\3165\Obj\MICOConfigDelegate.o
#        E:\TCL\SVN\WiFi_Module_KT731_Project\02_代码\qingke\MICO\security\MicoCrypto.a
#        E:\TCL\SVN\WiFi_Module_KT731_Project\02_代码\qingke\Projects\STM32F4xx\COM.MXCHIP.SPP\EWARM\3165\Obj\micokit_ext.o
#        E:\TCL\SVN\WiFi_Module_KT731_Project\02_代码\qingke\Projects\STM32F4xx\COM.MXCHIP.SPP\EWARM\3165\Obj\micokit_ext_mfg.o
#        E:\TCL\SVN\WiFi_Module_KT731_Project\02_代码\qingke\Projects\STM32F4xx\COM.MXCHIP.SPP\EWARM\3165\Obj\misc.o
#        E:\TCL\SVN\WiFi_Module_KT731_Project\02_代码\qingke\Projects\STM32F4xx\COM.MXCHIP.SPP\EWARM\3165\Obj\motion_sensor.o
#        E:\TCL\SVN\WiFi_Module_KT731_Project\02_代码\qingke\MICO\core\mxchipWNet_cm4f_sdio.a
#        E:\TCL\SVN\WiFi_Module_KT731_Project\02_代码\qingke\Projects\STM32F4xx\COM.MXCHIP.SPP\EWARM\3165\Obj\oled.o
#        E:\TCL\SVN\WiFi_Module_KT731_Project\02_代码\qingke\Projects\STM32F4xx\COM.MXCHIP.SPP\EWARM\3165\Obj\paltform_rtc.o
#        E:\TCL\SVN\WiFi_Module_KT731_Project\02_代码\qingke\Projects\STM32F4xx\COM.MXCHIP.SPP\EWARM\3165\Obj\platform.o
#        E:\TCL\SVN\WiFi_Module_KT731_Project\02_代码\qingke\Projects\STM32F4xx\COM.MXCHIP.SPP\EWARM\3165\Obj\platform_adc.o
#        E:\TCL\SVN\WiFi_Module_KT731_Project\02_代码\qingke\Projects\STM32F4xx\COM.MXCHIP.SPP\EWARM\3165\Obj\platform_flash.o
#        E:\TCL\SVN\WiFi_Module_KT731_Project\02_代码\qingke\Projects\STM32F4xx\COM.MXCHIP.SPP\EWARM\3165\Obj\platform_gpio.o
#        E:\TCL\SVN\WiFi_Module_KT731_Project\02_代码\qingke\Projects\STM32F4xx\COM.MXCHIP.SPP\EWARM\3165\Obj\platform_i2c.o
#        E:\TCL\SVN\WiFi_Module_KT731_Project\02_代码\qingke\Projects\STM32F4xx\COM.MXCHIP.SPP\EWARM\3165\Obj\platform_init.o
#        E:\TCL\SVN\WiFi_Module_KT731_Project\02_代码\qingke\Projects\STM32F4xx\COM.MXCHIP.SPP\EWARM\3165\Obj\platform_mcu_powersave.o
#        E:\TCL\SVN\WiFi_Module_KT731_Project\02_代码\qingke\Projects\STM32F4xx\COM.MXCHIP.SPP\EWARM\3165\Obj\platform_nano_second.o
#        E:\TCL\SVN\WiFi_Module_KT731_Project\02_代码\qingke\Projects\STM32F4xx\COM.MXCHIP.SPP\EWARM\3165\Obj\platform_pwm.o
#        E:\TCL\SVN\WiFi_Module_KT731_Project\02_代码\qingke\Projects\STM32F4xx\COM.MXCHIP.SPP\EWARM\3165\Obj\platform_rng.o
#        E:\TCL\SVN\WiFi_Module_KT731_Project\02_代码\qingke\Projects\STM32F4xx\COM.MXCHIP.SPP\EWARM\3165\Obj\platform_spi.o
#        E:\TCL\SVN\WiFi_Module_KT731_Project\02_代码\qingke\Projects\STM32F4xx\COM.MXCHIP.SPP\EWARM\3165\Obj\platform_uart.o
#        E:\TCL\SVN\WiFi_Module_KT731_Project\02_代码\qingke\Projects\STM32F4xx\COM.MXCHIP.SPP\EWARM\3165\Obj\platform_watchdog.o
#        E:\TCL\SVN\WiFi_Module_KT731_Project\02_代码\qingke\Projects\STM32F4xx\COM.MXCHIP.SPP\EWARM\3165\Obj\printbuf.o
#        E:\TCL\SVN\WiFi_Module_KT731_Project\02_代码\qingke\Projects\STM32F4xx\COM.MXCHIP.SPP\EWARM\3165\Obj\RemoteTcpClient.o
#        E:\TCL\SVN\WiFi_Module_KT731_Project\02_代码\qingke\Projects\STM32F4xx\COM.MXCHIP.SPP\EWARM\3165\Obj\Retarget.o
#        E:\TCL\SVN\WiFi_Module_KT731_Project\02_代码\qingke\Projects\STM32F4xx\COM.MXCHIP.SPP\EWARM\3165\Obj\rgb_led.o
#        E:\TCL\SVN\WiFi_Module_KT731_Project\02_代码\qingke\Projects\STM32F4xx\COM.MXCHIP.SPP\EWARM\3165\Obj\RingBufferUtils.o
#        E:\TCL\SVN\WiFi_Module_KT731_Project\02_代码\qingke\Projects\STM32F4xx\COM.MXCHIP.SPP\EWARM\3165\Obj\SecurityUtils.o
#        E:\TCL\SVN\WiFi_Module_KT731_Project\02_代码\qingke\Projects\STM32F4xx\COM.MXCHIP.SPP\EWARM\3165\Obj\SHAUtils.o
#        E:\TCL\SVN\WiFi_Module_KT731_Project\02_代码\qingke\Projects\STM32F4xx\COM.MXCHIP.SPP\EWARM\3165\Obj\SocketUtils.o
#        E:\TCL\SVN\WiFi_Module_KT731_Project\02_代码\qingke\Projects\STM32F4xx\COM.MXCHIP.SPP\EWARM\3165\Obj\spi_flash.o
#        E:\TCL\SVN\WiFi_Module_KT731_Project\02_代码\qingke\Projects\STM32F4xx\COM.MXCHIP.SPP\EWARM\3165\Obj\spi_flash_platform.o
#        E:\TCL\SVN\WiFi_Module_KT731_Project\02_代码\qingke\Projects\STM32F4xx\COM.MXCHIP.SPP\EWARM\3165\Obj\SppProtocol.o
#        E:\TCL\SVN\WiFi_Module_KT731_Project\02_代码\qingke\Projects\STM32F4xx\COM.MXCHIP.SPP\EWARM\3165\Obj\startup_stm32f411xe_IAR.o
#        E:\TCL\SVN\WiFi_Module_KT731_Project\02_代码\qingke\Projects\STM32F4xx\COM.MXCHIP.SPP\EWARM\3165\Obj\stm32f4xx_adc.o
#        E:\TCL\SVN\WiFi_Module_KT731_Project\02_代码\qingke\Projects\STM32F4xx\COM.MXCHIP.SPP\EWARM\3165\Obj\stm32f4xx_can.o
#        E:\TCL\SVN\WiFi_Module_KT731_Project\02_代码\qingke\Projects\STM32F4xx\COM.MXCHIP.SPP\EWARM\3165\Obj\stm32f4xx_crc.o
#        E:\TCL\SVN\WiFi_Module_KT731_Project\02_代码\qingke\Projects\STM32F4xx\COM.MXCHIP.SPP\EWARM\3165\Obj\stm32f4xx_cryp.o
#        E:\TCL\SVN\WiFi_Module_KT731_Project\02_代码\qingke\Projects\STM32F4xx\COM.MXCHIP.SPP\EWARM\3165\Obj\stm32f4xx_cryp_aes.o
#        E:\TCL\SVN\WiFi_Module_KT731_Project\02_代码\qingke\Projects\STM32F4xx\COM.MXCHIP.SPP\EWARM\3165\Obj\stm32f4xx_cryp_des.o
#        E:\TCL\SVN\WiFi_Module_KT731_Project\02_代码\qingke\Projects\STM32F4xx\COM.MXCHIP.SPP\EWARM\3165\Obj\stm32f4xx_cryp_tdes.o
#        E:\TCL\SVN\WiFi_Module_KT731_Project\02_代码\qingke\Projects\STM32F4xx\COM.MXCHIP.SPP\EWARM\3165\Obj\stm32f4xx_dac.o
#        E:\TCL\SVN\WiFi_Module_KT731_Project\02_代码\qingke\Projects\STM32F4xx\COM.MXCHIP.SPP\EWARM\3165\Obj\stm32f4xx_dbgmcu.o
#        E:\TCL\SVN\WiFi_Module_KT731_Project\02_代码\qingke\Projects\STM32F4xx\COM.MXCHIP.SPP\EWARM\3165\Obj\stm32f4xx_dcmi.o
#        E:\TCL\SVN\WiFi_Module_KT731_Project\02_代码\qingke\Projects\STM32F4xx\COM.MXCHIP.SPP\EWARM\3165\Obj\stm32f4xx_dma.o
#        E:\TCL\SVN\WiFi_Module_KT731_Project\02_代码\qingke\Projects\STM32F4xx\COM.MXCHIP.SPP\EWARM\3165\Obj\stm32f4xx_dma2d.o
#        E:\TCL\SVN\WiFi_Module_KT731_Project\02_代码\qingke\Projects\STM32F4xx\COM.MXCHIP.SPP\EWARM\3165\Obj\stm32f4xx_exti.o
#        E:\TCL\SVN\WiFi_Module_KT731_Project\02_代码\qingke\Projects\STM32F4xx\COM.MXCHIP.SPP\EWARM\3165\Obj\stm32f4xx_flash.o
#        E:\TCL\SVN\WiFi_Module_KT731_Project\02_代码\qingke\Projects\STM32F4xx\COM.MXCHIP.SPP\EWARM\3165\Obj\stm32f4xx_flash_ramfunc.o
#        E:\TCL\SVN\WiFi_Module_KT731_Project\02_代码\qingke\Projects\STM32F4xx\COM.MXCHIP.SPP\EWARM\3165\Obj\stm32f4xx_gpio.o
#        E:\TCL\SVN\WiFi_Module_KT731_Project\02_代码\qingke\Projects\STM32F4xx\COM.MXCHIP.SPP\EWARM\3165\Obj\stm32f4xx_hash.o
#        E:\TCL\SVN\WiFi_Module_KT731_Project\02_代码\qingke\Projects\STM32F4xx\COM.MXCHIP.SPP\EWARM\3165\Obj\stm32f4xx_hash_md5.o
#        E:\TCL\SVN\WiFi_Module_KT731_Project\02_代码\qingke\Projects\STM32F4xx\COM.MXCHIP.SPP\EWARM\3165\Obj\stm32f4xx_hash_sha1.o
#        E:\TCL\SVN\WiFi_Module_KT731_Project\02_代码\qingke\Projects\STM32F4xx\COM.MXCHIP.SPP\EWARM\3165\Obj\stm32f4xx_i2c.o
#        E:\TCL\SVN\WiFi_Module_KT731_Project\02_代码\qingke\Projects\STM32F4xx\COM.MXCHIP.SPP\EWARM\3165\Obj\stm32f4xx_iwdg.o
#        E:\TCL\SVN\WiFi_Module_KT731_Project\02_代码\qingke\Projects\STM32F4xx\COM.MXCHIP.SPP\EWARM\3165\Obj\stm32f4xx_ltdc.o
#        E:\TCL\SVN\WiFi_Module_KT731_Project\02_代码\qingke\Projects\STM32F4xx\COM.MXCHIP.SPP\EWARM\3165\Obj\stm32f4xx_pwr.o
#        E:\TCL\SVN\WiFi_Module_KT731_Project\02_代码\qingke\Projects\STM32F4xx\COM.MXCHIP.SPP\EWARM\3165\Obj\stm32f4xx_rcc.o
#        E:\TCL\SVN\WiFi_Module_KT731_Project\02_代码\qingke\Projects\STM32F4xx\COM.MXCHIP.SPP\EWARM\3165\Obj\stm32f4xx_rng.o
#        E:\TCL\SVN\WiFi_Module_KT731_Project\02_代码\qingke\Projects\STM32F4xx\COM.MXCHIP.SPP\EWARM\3165\Obj\stm32f4xx_rtc.o
#        E:\TCL\SVN\WiFi_Module_KT731_Project\02_代码\qingke\Projects\STM32F4xx\COM.MXCHIP.SPP\EWARM\3165\Obj\stm32f4xx_sai.o
#        E:\TCL\SVN\WiFi_Module_KT731_Project\02_代码\qingke\Projects\STM32F4xx\COM.MXCHIP.SPP\EWARM\3165\Obj\stm32f4xx_sdio.o
#        E:\TCL\SVN\WiFi_Module_KT731_Project\02_代码\qingke\Projects\STM32F4xx\COM.MXCHIP.SPP\EWARM\3165\Obj\stm32f4xx_spi.o
#        E:\TCL\SVN\WiFi_Module_KT731_Project\02_代码\qingke\Projects\STM32F4xx\COM.MXCHIP.SPP\EWARM\3165\Obj\stm32f4xx_syscfg.o
#        E:\TCL\SVN\WiFi_Module_KT731_Project\02_代码\qingke\Projects\STM32F4xx\COM.MXCHIP.SPP\EWARM\3165\Obj\stm32f4xx_tim.o
#        E:\TCL\SVN\WiFi_Module_KT731_Project\02_代码\qingke\Projects\STM32F4xx\COM.MXCHIP.SPP\EWARM\3165\Obj\stm32f4xx_usart.o
#        E:\TCL\SVN\WiFi_Module_KT731_Project\02_代码\qingke\Projects\STM32F4xx\COM.MXCHIP.SPP\EWARM\3165\Obj\stm32f4xx_wwdg.o
#        E:\TCL\SVN\WiFi_Module_KT731_Project\02_代码\qingke\Projects\STM32F4xx\COM.MXCHIP.SPP\EWARM\3165\Obj\StringUtils.o
#        E:\TCL\SVN\WiFi_Module_KT731_Project\02_代码\qingke\Projects\STM32F4xx\COM.MXCHIP.SPP\EWARM\3165\Obj\system_easylink.o
#        E:\TCL\SVN\WiFi_Module_KT731_Project\02_代码\qingke\Projects\STM32F4xx\COM.MXCHIP.SPP\EWARM\3165\Obj\system_easylink_delegate.o
#        E:\TCL\SVN\WiFi_Module_KT731_Project\02_代码\qingke\Projects\STM32F4xx\COM.MXCHIP.SPP\EWARM\3165\Obj\system_factory_test.o
#        E:\TCL\SVN\WiFi_Module_KT731_Project\02_代码\qingke\Projects\STM32F4xx\COM.MXCHIP.SPP\EWARM\3165\Obj\system_misc.o
#        E:\TCL\SVN\WiFi_Module_KT731_Project\02_代码\qingke\Projects\STM32F4xx\COM.MXCHIP.SPP\EWARM\3165\Obj\system_stm32f4xx.o
#        E:\TCL\SVN\WiFi_Module_KT731_Project\02_代码\qingke\Projects\STM32F4xx\COM.MXCHIP.SPP\EWARM\3165\Obj\temp_hum_sensor.o
#        E:\TCL\SVN\WiFi_Module_KT731_Project\02_代码\qingke\Projects\STM32F4xx\COM.MXCHIP.SPP\EWARM\3165\Obj\tftp_ota.o
#        E:\TCL\SVN\WiFi_Module_KT731_Project\02_代码\qingke\MICO\system\tftp_ota\tftpc.o
#        E:\TCL\SVN\WiFi_Module_KT731_Project\02_代码\qingke\Projects\STM32F4xx\COM.MXCHIP.SPP\EWARM\3165\Obj\TimeUtils.o
#        E:\TCL\SVN\WiFi_Module_KT731_Project\02_代码\qingke\Projects\STM32F4xx\COM.MXCHIP.SPP\EWARM\3165\Obj\TLVUtils.o
#        E:\TCL\SVN\WiFi_Module_KT731_Project\02_代码\qingke\Projects\STM32F4xx\COM.MXCHIP.SPP\EWARM\3165\Obj\UartRecv.o
#        E:\TCL\SVN\WiFi_Module_KT731_Project\02_代码\qingke\Projects\STM32F4xx\COM.MXCHIP.SPP\EWARM\3165\Obj\uECC.o
#        E:\TCL\SVN\WiFi_Module_KT731_Project\02_代码\qingke\Projects\STM32F4xx\COM.MXCHIP.SPP\EWARM\3165\Obj\URLUtils.o
#        E:\TCL\SVN\WiFi_Module_KT731_Project\02_代码\qingke\Projects\STM32F4xx\COM.MXCHIP.SPP\EWARM\3165\Obj\wlan_bus_sdio.o
#        E:\TCL\SVN\WiFi_Module_KT731_Project\02_代码\qingke\Projects\STM32F4xx\COM.MXCHIP.SPP\EWARM\3165\Obj\wlan_firmware.o
#        E:\TCL\SVN\WiFi_Module_KT731_Project\02_代码\qingke\Projects\STM32F4xx\COM.MXCHIP.SPP\EWARM\3165\Obj\wlan_platform.o
#        E:\TCL\SVN\WiFi_Module_KT731_Project\02_代码\qingke\Projects\STM32F4xx\COM.MXCHIP.SPP\EWARM\3165\Obj\wlan_platform_common.o
#        --redirect _Printf=_PrintfFull --redirect _Scanf=_ScanfFull -o
#        E:\TCL\SVN\WiFi_Module_KT731_Project\02_代码\qingke\Projects\STM32F4xx\COM.MXCHIP.SPP\EWARM\3165\Exe\COM.MXCHIP.SPP.out
#        --map
#        E:\TCL\SVN\WiFi_Module_KT731_Project\02_代码\qingke\Projects\STM32F4xx\COM.MXCHIP.SPP\EWARM\3165\List\COM.MXCHIP.SPP.map
#        --config
#        E:\TCL\SVN\WiFi_Module_KT731_Project\02_代码\qingke\Projects\STM32F4xx\COM.MXCHIP.SPP\EWARM\..\..\..\..\Board\MiCOKit-3165\micoLinkerForIAR.icf
#        --semihosting --entry __iar_program_start --vfe --threaded_lib
#
###############################################################################

*******************************************************************************
*** MESSAGES
***

Warning[Lt049]: Potential floating point parameter passing conflict. The first
          module below references the second and they have been built with
          different settings.
          AAPCS, base variant: E:\TCL\SVN\WiFi_Module_KT731_Project\02_代码\qin
                    gke\MICO\system\tftp_ota\tftpc.o
          AAPCS, VFP variant: mxchipWNET.o(mxchipWNet_cm4f_sdio.a)
Warning[Lt049]: Potential floating point parameter passing conflict. The first
          module below references the second and they have been built with
          different settings.
          AAPCS, base variant: E:\TCL\SVN\WiFi_Module_KT731_Project\02_代码\qin
                    gke\MICO\system\tftp_ota\tftpc.o
          AAPCS, VFP variant: E:\TCL\SVN\WiFi_Module_KT731_Project\02_代码\qing
                    ke\Projects\STM32F4xx\COM.MXCHIP.SPP\EWARM\3165\Obj\mico_pl
                    atform_common.o


*******************************************************************************
*** RUNTIME MODEL ATTRIBUTES
***

CppFlavor                     = *
__Heap_Handler                = DLMalloc
__SystemLibrary               = DLib
__dlib_dynamic_initialization = normal


*******************************************************************************
*** PLACEMENT SUMMARY
***

"A1":  place at 0x0800c000 { ro section .intvec };
"P1":  place in [from 0x0800c000 to 0x0807ffff] { ro };
"P2":  place in [from 0x20000000 to 0x2001ffff] { rw, block CSTACK, block HEAP };

  Section             Kind        Address     Size  Object
  -------             ----        -------     ----  ------
"A1":                                        0x198
  .intvec                      0x0800c000    0x198  <Block>
    .intvec           ro code  0x0800c000    0x198  startup_stm32f411xe_IAR.o [2]
                             - 0x0800c198    0x198

"P1":                                      0x3ed32
  .text               ro code  0x0800c198   0x27e4  smart_config.o [6]
  .text               ro code  0x0800e97c     0x66  ABImemset.o [7]
  .text               ro code  0x0800e9e2     0x1e  xsscin.o [4]
  .text               ro code  0x0800ea00     0x62  memcmp_unaligned.o [7]
  .text               ro code  0x0800ea62     0x1a  xsnprout.o [4]
  .text               ro code  0x0800ea7c    0x6ee  mxchipWNET.o [6]
  .text               ro code  0x0800f16a      0xa  xsprout.o [4]
  .text               ro code  0x0800f174    0x3c8  mico_system_notification.o [2]
  .text               ro code  0x0800f53c     0x76  ABImemcpy_unaligned.o [7]
  .rodata             const    0x0800f5b2      0x1  devproanaly.o [2]
  .rodata             const    0x0800f5b3      0x1  devproanaly.o [2]
  .text               ro code  0x0800f5b4     0x44  snprintf.o [4]
  .text               ro code  0x0800f5f8   0x14c0  wwd_wifi.o [6]
  .text               ro code  0x08010ab8   0x2630  wifimgr.o [6]
  .text               ro code  0x080130e8     0x6c  strncpy_unaligned.o [7]
  .text               ro code  0x08013154     0x36  strlen.o [7]
  .rodata             const    0x0801318a      0x1  smart_config.o [6]
  .rodata             const    0x0801318b      0x1  smart_config.o [6]
  .text               ro code  0x0801318c    0x73e  wiced_rtos.o [6]
  .rodata             const    0x080138ca      0x1  smart_config.o [6]
  .rodata             const    0x080138cb      0x1  smart_config.o [6]
  .text               ro code  0x080138cc    0xba8  tasks.o [6]
  .text               ro code  0x08014474    0x440  wifi.o [6]
  .text               ro code  0x080148b4   0x2590  dlmalloc.o [6]
  .text               ro code  0x08016e44     0xe0  arc4.o [6]
  .text               ro code  0x08016f24     0x92  wwd_buffer.o [6]
  .text               ro code  0x08016fb8     0x34  sprintf.o [4]
  .text               ro code  0x08016fec    0x628  tcpip.o [6]
  .text               ro code  0x08017614    0x7ec  dns.o [6]
  .text               ro code  0x08017e00    0x130  wwd_rtos.o [6]
  .text               ro code  0x08017f30     0x20  srand.o [4]
  .text               ro code  0x08017f50    0xce8  tcp.o [6]
  .text               ro code  0x08018c38    0x25a  ip_addr.o [6]
  .text               ro code  0x08018e92     0x36  def.o [6]
  .text               ro code  0x08018ec8   0x1378  sockets.o [6]
  .text               ro code  0x0801a240     0x42  strcmp_unaligned.o [7]
  .text               ro code  0x0801a284     0x44  strcpy_unaligned.o [7]
  .text               ro code  0x0801a2c8    0x244  wwd_management.o [6]
  .text               ro code  0x0801a50c     0x10  wlan_bus_sdio.o [2]
  .text               ro code  0x0801a51c     0x24  printf.o [4]
  .text               ro code  0x0801a540   0x1156  xprintffull.o [4]
  .text               ro code  0x0801b698   0x101c  SDPCM.o [6]
  .text               ro code  0x0801c6b4     0x14  mxchip_debug.o [6]
  .text               ro code  0x0801c6c8    0x4ec  pbuf.o [6]
  .text               ro code  0x0801cbb4    0x4b4  ip.o [6]
  .text               ro code  0x0801d068    0xaf0  system_misc.o [2]
  .text               ro code  0x0801db58     0x30  aes_wrap.o [6]
  .text               ro code  0x0801db88    0x404  wiced_network.o [6]
  .text               ro code  0x0801df8c    0x1ec  dns_redirect.o [6]
  .text               ro code  0x0801e178    0x492  wwd_ap.o [6]
  .text               ro code  0x0801e60c     0x64  dnsclient.o [6]
  .text               ro code  0x0801e670     0x2a  strncmp.o [4]
  .text               ro code  0x0801e69c    0x308  system_factory_test.o [2]
  .text               ro code  0x0801e9a4    0x9e0  etharp.o [6]
  .text               ro code  0x0801f384     0x46  strcasecmp.o [4]
  .text               ro code  0x0801f3cc   0x1594  tcp_in.o [6]
  .text               ro code  0x08020960    0x710  udp.o [6]
  .text               ro code  0x08021070      0x4  strtoul.o [4]
  .text               ro code  0x08021074    0x170  platform_init.o [2]
  .text               ro code  0x080211e4    0x25e  platform.o [2]
  .text               ro code  0x08021444    0x5e8  MICOAppEntrance.o [2]
  .text               ro code  0x08021a2c    0x508  queue.o [6]
  .text               ro code  0x08021f34    0x11c  wlan_platform_common.o [2]
  .text               ro code  0x08022050     0xec  port.o [6]
  .text               ro code  0x0802213c    0x370  ostimers.o [6]
  .text               ro code  0x080224ac     0x9a  list.o [6]
  CODE                ro code  0x08022548     0xa8  portasm.o [6]
  .text               ro code  0x080225f0     0x1c  strcat.o [4]
  .text               ro code  0x0802260c    0x458  platform_mcu_powersave.o [2]
  .text               ro code  0x08022a64     0x38  heap_3.o [6]
  .text               ro code  0x08022a9c    0xbc8  mico_platform_common.o [2]
  .text               ro code  0x08023664      0x6  abort.o [4]
  .text               ro code  0x0802366c      0x6  ABImemclr4.o [7]
  .text               ro code  0x08023672     0x20  xsyslock.o [4]
  .text               ro code  0x08023694     0x2c  xgetmemchunk.o [4]
  .text               ro code  0x080236c0    0x190  wiced_ping.o [6]
  .text               ro code  0x08023850    0x4dc  api_lib.o [6]
  .text               ro code  0x08023d2c      0xc  mxchipbesl.o [6]
  .text               ro code  0x08023d38     0xda  netbuf.o [6]
  .text               ro code  0x08023e14    0x27c  lwiptcpip.o [6]
  .text               ro code  0x08024090      0x2  xtls.o [4]
  .text               ro code  0x08024094    0xcc2  tcp_out.o [6]
  .text               ro code  0x08024d58    0x300  lwiptimers.o [6]
  .text               ro code  0x08025058    0x1b8  memp.o [6]
  .text               ro code  0x08025210     0xe0  rand.o [4]
  .text               ro code  0x080252f0    0x2a0  sys_arch.o [6]
  .text               ro code  0x08025590    0x568  igmp.o [6]
  .text               ro code  0x08025af8    0x85a  wlan_bus_sdio.o [2]
  .text               ro code  0x08026354    0x9b8  wwd_bus_protocol.o [6]
  .text               ro code  0x08026d0c    0x250  wwd_thread.o [6]
  .text               ro code  0x08026f5c      0x4  wlan_platform.o [2]
  .text               ro code  0x08026f60     0x18  strrchr.o [4]
  .text               ro code  0x08026f78     0x20  xmbtowc.o [4]
  .text               ro code  0x08026f98     0x16  strchr.o [7]
  .text               ro code  0x08026fb0     0x58  memchr.o [7]
  .text               ro code  0x08027008      0xa  xmbcurmax.o [4]
  .text               ro code  0x08027012     0x1a  xwctomb.o [4]
  .text               ro code  0x0802702c     0xee  I64DivMod.o [7]
  .text               ro code  0x0802711a     0x42  xdnorm.o [5]
  .text               ro code  0x0802715c     0x2e  DblCmpLe.o [5]
  .text               ro code  0x0802718c     0x2e  DblCmpGe.o [5]
  .text               ro code  0x080271bc    0x118  xdscale.o [5]
  .text               ro code  0x080272d4     0x58  DblToI32.o [5]
  .text               ro code  0x0802732c     0x30  I32ToDbl.o [5]
  .text               ro code  0x0802735c    0x180  DblSub.o [5]
  .text               ro code  0x080274dc    0x1a2  DblMul.o [5]
  .text               ro code  0x08027680    0x256  DblDiv.o [5]
  .text               ro code  0x080278d8     0x6c  localeconv.o [4]
  .text               ro code  0x08027944      0xe  div.o [4]
  .text               ro code  0x08027954    0x17c  wwd_network.o [6]
  .text               ro code  0x08027ad0     0x78  ABImemmove_unaligned.o [7]
  .text               ro code  0x08027b48    0x170  inet_chksum.o [6]
  .text               ro code  0x08027cb8    0x1cc  raw.o [6]
  .text               ro code  0x08027e84    0x184  icmp.o [6]
  .text               ro code  0x08028008    0x358  netif.o [6]
  .text               ro code  0x08028360    0xd58  mico_system_para_storage.o [2]
  .text               ro code  0x080290b8    0x214  StringUtils.o [2]
  .text               ro code  0x080292cc    0xb62  aes.o [6]
  .text               ro code  0x08029e30    0xf20  dhcp.o [6]
  .text               ro code  0x0802ad50     0x28  sys.o [6]
  .text               ro code  0x0802ad78    0x650  dhcp_server.o [6]
  .text               ro code  0x0802b3c8     0x48  netifapi.o [6]
  .text               ro code  0x0802b410     0x80  RingBufferUtils.o [2]
  .text               ro code  0x0802b490    0x3a8  mftest.o [6]
  .text               ro code  0x0802b838     0x14  tolower.o [4]
  .text               ro code  0x0802b84c    0x198  xstoul.o [4]
  .text               ro code  0x0802b9e4    0x3b4  stm32f4xx_rcc.o [2]
  .text               ro code  0x0802bd98    0x25c  stm32f4xx_flash.o [2]
  .text               ro code  0x0802bff4     0x38  misc.o [2]
  .text               ro code  0x0802c02c     0x78  stm32f4xx_pwr.o [2]
  .text               ro code  0x0802c0a4    0x680  platform_gpio.o [2]
  .text               ro code  0x0802c724    0x852  platform_uart.o [2]
  .text               ro code  0x0802cf78    0xa14  paltform_rtc.o [2]
  .text               ro code  0x0802d98c    0x3c4  mico_system_power_daemon.o [2]
  .text               ro code  0x0802dd50     0x28  dc_motor.o [2]
  .text               ro code  0x0802dd78     0xe0  rgb_led.o [2]
  .text               ro code  0x0802de58    0x4e0  mico_system_init.o [2]
  .text               ro code  0x0802e338     0x24  SppProtocol.o [2]
  .text               ro code  0x0802e35c    0x9e8  devproanaly.o [2]
  .text               ro code  0x0802ed44    0x872  stm32f4xx_rtc.o [2]
  .text               ro code  0x0802f5b8     0xa4  stm32f4xx_exti.o [2]
  .text               ro code  0x0802f65c     0x94  platform_watchdog.o [2]
  .text               ro code  0x0802f6f0     0xc0  micokit_ext.o [2]
  .text               ro code  0x0802f7b0    0x188  platform_adc.o [2]
  .text               ro code  0x0802f938    0x69c  platform_i2c.o [2]
  .text               ro code  0x0802ffd4    0x650  platform_spi.o [2]
  .text               ro code  0x08030624    0xbf0  platform_flash.o [2]
  .text               ro code  0x08031214    0x102  platform_nano_second.o [2]
  .text               ro code  0x08031318     0x14  exit.o [8]
  .text               ro code  0x0803132c     0x32  ABImemset48.o [7]
  .text               ro code  0x08031360    0x15c  xsyslock_mtx.o [4]
  .text               ro code  0x080314bc    0xd68  api_msg.o [6]
  .text               ro code  0x08032224     0x20  init.o [6]
  .text               ro code  0x08032244     0x6c  stm32f4xx_sdio.o [2]
  .text               ro code  0x080322b0    0x260  wwd_internal.o [6]
  .text               ro code  0x08032510    0x2f4  wwd_firmware.o [6]
  .text               ro code  0x08032804     0x24  setlocale.o [4]
  .text               ro code  0x08032828     0x60  xencoding_sb.o [4]
  .text               ro code  0x08032888      0x2  I64DivZer.o [7]
  .text               ro code  0x0803288c     0xe8  DblAdd.o [5]
  .text               ro code  0x08032974     0x4c  wps_host.o [6]
  .text               ro code  0x080329c0     0x7a  CheckSumUtils.o [2]
  .text               ro code  0x08032a3a     0x18  toupper.o [4]
  .text               ro code  0x08032a54     0x44  logging.o [6]
  .text               ro code  0x08032a98     0x8c  wiced_lib.o [6]
  .text               ro code  0x08032b24      0xc  xlocale_c.o [4]
  .text               ro code  0x08032b30     0x3c  isxxx.o [4]
  .text               ro code  0x08032b6c      0xc  errno.o [4]
  .text               ro code  0x08032b78    0x104  stm32f4xx_gpio.o [2]
  .text               ro code  0x08032c7c     0x54  stm32f4xx_syscfg.o [2]
  .text               ro code  0x08032cd0    0x2a8  stm32f4xx_usart.o [2]
  .text               ro code  0x08032f78    0x254  stm32f4xx_dma.o [2]
  .text               ro code  0x080331cc     0x34  joylink_extern.o [2]
  .text               ro code  0x08033200    0xf58  mico_cli.o [2]
  .text               ro code  0x08034158    0x568  micokit_ext_mfg.o [2]
  .text               ro code  0x080346c0   0x1318  system_easylink.o [2]
  .text               ro code  0x080359d8    0x32a  common.o [2]
  .text               ro code  0x08035d04   0x25a4  mico_tcl_ota.o [2]
  .text               ro code  0x080382a8     0x3e  stm32f4xx_tim.o [2]
  .text               ro code  0x080382e8    0x462  oled.o [2]
  .text               ro code  0x0803874c     0x5c  light_sensor.o [2]
  .text               ro code  0x080387a8     0x5c  infrared_reflective.o [2]
  .text               ro code  0x08038804    0x1a8  keys.o [2]
  .text               ro code  0x080389ac     0x48  temp_hum_sensor.o [2]
  .text               ro code  0x080389f4    0x1ee  stm32f4xx_adc.o [2]
  .text               ro code  0x08038be4    0x1ca  stm32f4xx_i2c.o [2]
  .text               ro code  0x08038db0    0x172  stm32f4xx_spi.o [2]
  .text               ro code  0x08038f24    0x550  spi_flash.o [2]
  .text               ro code  0x08039474     0x1c  iar_mutex.o [6]
  .text               ro code  0x08039490     0x18  read_wifi_firmware.o [6]
  .text               ro code  0x080394a8     0x16  xlocale_c.o [4]
  .text               ro code  0x080394be     0x24  xlocale_c.o [4]
  .text               ro code  0x080394e2     0x14  xlocale_c.o [4]
  .text               ro code  0x080394f6     0x28  isprint.o [4]
  .text               ro code  0x0803951e      0x8  atoi.o [4]
  .text               ro code  0x08039528    0x6b4  tftpc.o [1]
  .text               ro code  0x08039bdc    0x70c  tftp_ota.o [2]
  .text               ro code  0x0803a2e8     0x3c  vsnprint.o [4]
  .text               ro code  0x0803a324    0x34e  hsb2rgb_led.o [2]
  .text               ro code  0x0803a674    0x410  bme280_user.o [2]
  .text               ro code  0x0803aa84     0x4e  FltToDbl.o [5]
  .text               ro code  0x0803aad2    0x190  DHT11.o [2]
  .text               ro code  0x0803ac64   0x143c  mico_mdns.o [2]
  .text               ro code  0x0803c0a0     0x7e  system_easylink_delegate.o [2]
  .text               ro code  0x0803c120    0x374  MICOConfigDelegate.o [2]
  .text               ro code  0x0803c494    0x9a6  md5.o [6]
  .text               ro code  0x0803ce3c    0x45c  geniot.o [2]
  .text               ro code  0x0803d298     0x48  spi_flash_platform.o [2]
  .text               ro code  0x0803d2e0    0xb38  bme280.o [2]
  .text               ro code  0x0803de18    0x27c  config_server_menu.o [2]
  .text               ro code  0x0803e094    0x65c  json_object.o [2]
  .text               ro code  0x0803e6f0    0x19e  printbuf.o [2]
  .text               ro code  0x0803e890    0x3d4  linkhash.o [2]
  .text               ro code  0x0803ec64     0x18  strdup.o [4]
  .text               ro code  0x0803ec7c     0x20  DblCmpEq.o [5]
  .text               ro code  0x0803ec9c     0xfc  json_util.o [2]
  .text               ro code  0x0803ed98    0x13c  arraylist.o [2]
  .text               ro code  0x0803eed4     0x2c  vsprintf.o [4]
  .text               ro code  0x0803ef00     0x18  vprintf.o [4]
  .text               ro code  0x0803ef18      0x4  exit.o [4]
  .text               ro code  0x0803ef1c     0x24  sscanf.o [4]
  .text               ro code  0x0803ef40      0xa  isdigit.o [4]
  .text               ro code  0x0803ef4c     0x12  cexit.o [7]
  .text               ro code  0x0803ef60    0xcd0  xscanffull.o [4]
  .text               ro code  0x0803fc30     0x58  xcloseall.o [4]
  .text               ro code  0x0803fc88     0x40  xwctob.o [4]
  .text               ro code  0x0803fcc8     0xa4  xstoll.o [4]
  .text               ro code  0x0803fd6c    0x1b0  xstoull.o [4]
  .text               ro code  0x0803ff1c    0x168  xstold.o [5]
  .text               ro code  0x08040084     0x90  DblToFlt.o [5]
  .text               ro code  0x08040114     0x7a  fclose.o [4]
  .text               ro code  0x0804018e     0x1e  Retarget.o [2]
  .text               ro code  0x080401ac    0x124  xstopfx.o [4]
  .text               ro code  0x080402d0    0x1b8  xstoflt.o [4]
  .text               ro code  0x08040488    0x200  xdtento.o [5]
  .text               ro code  0x08040688    0x218  xstoxflt.o [4]
  .text               ro code  0x080408a0     0x7c  xfofind.o [4]
  .text               ro code  0x0804091c     0xb0  fflush.o [4]
  .text               ro code  0x080409cc     0x1a  close.o [8]
  .text               ro code  0x080409e6     0x16  remove.o [8]
  .text               ro code  0x080409fc     0x56  xdunscal.o [5]
  .text               ro code  0x08040a54     0xe0  XShHandles.o [4]
  .rodata             const    0x08040b34   0x1400  aes.o [6]
  .rodata             const    0x08041f34   0x1400  aes.o [6]
  .rodata             const    0x08043334    0x5f0  oled.o [2]
  .rodata             const    0x08043924    0x30c  wwd_firmware.o [6]
  .text               ro code  0x08043c30    0x28c  hardfault.o [2]
  .rodata             const    0x08043ebc    0x120  mico_cli.o [2]
  .text               ro code  0x08043fdc    0x10c  UartRecv.o [2]
  .rodata             const    0x080440e8    0x100  common.o [2]
  .rodata             const    0x080441e8    0x100  common.o [2]
  .rodata             const    0x080442e8    0x100  smart_config.o [6]
  .rodata             const    0x080443e8    0x100  wwd_wifi.o [6]
  .rodata             const    0x080444e8     0xf0  platform.o [2]
  .text               ro code  0x080445d8     0xd6  xfspos.o [4]
  .text               ro code  0x080446ae      0xc  xfgpos.o [4]
  .text               ro code  0x080446ba     0x4c  lseek.o [8]
  .text               ro code  0x08044706     0xd0  packbits_init.o [7]
  .text               ro code  0x080447d6     0xb6  xfwprep.o [4]
  .text               ro code  0x0804488c     0x22  fseek.o [4]
  .rodata             const    0x080448b0     0xb0  wlan_bus_sdio.o [2]
  .rodata             const    0x08044960     0xac  mico_tcl_ota.o [2]
  .rodata             const    0x08044a0c     0xa4  mico_tcl_ota.o [2]
  .rodata             const    0x08044ab0     0x94  mico_cli.o [2]
  .rodata             const    0x08044b44     0x8c  platform.o [2]
  .rodata             const    0x08044bd0     0x88  platform.o [2]
  .rodata             const    0x08044c58     0x7c  mico_platform_common.o [2]
  .rodata             const    0x08044cd4     0x78  bme280_user.o [2]
  .rodata             const    0x08044d4c     0x78  config_server_menu.o [2]
  .rodata             const    0x08044dc4     0x74  platform_i2c.o [2]
  .rodata             const    0x08044e38     0x74  platform_spi.o [2]
  .rodata             const    0x08044eac     0x70  config_server_menu.o [2]
  .rodata             const    0x08044f1c     0x70  platform_mcu_powersave.o [2]
  .rodata             const    0x08044f8c     0x70  system_easylink.o [2]
  .rodata             const    0x08044ffc     0x6c  mico_tcl_ota.o [2]
  .rodata             const    0x08045068     0x6c  mico_tcl_ota.o [2]
  .rodata             const    0x080450d4     0x6c  platform_flash.o [2]
  .rodata             const    0x08045140     0x6c  platform_flash.o [2]
  .rodata             const    0x080451ac     0x6c  tftp_ota.o [2]
  .rodata             const    0x08045218     0x6c  tftp_ota.o [2]
  .rodata             const    0x08045284     0x6c  wlan_bus_sdio.o [2]
  .rodata             const    0x080452f0     0x68  paltform_rtc.o [2]
  .rodata             const    0x08045358     0x68  platform_adc.o [2]
  .rodata             const    0x080453c0     0x68  platform_flash.o [2]
  .rodata             const    0x08045428     0x68  platform_i2c.o [2]
  .rodata             const    0x08045490     0x68  platform_spi.o [2]
  .rodata             const    0x080454f8     0x68  system_misc.o [2]
  .rodata             const    0x08045560     0x68  wifimgr.o [6]
  .rodata             const    0x080455c8     0x64  config_server_menu.o [2]
  .rodata             const    0x0804562c     0x64  micokit_ext_mfg.o [2]
  .rodata             const    0x08045690     0x60  mico_tcl_ota.o [2]
  .rodata             const    0x080456f0     0x60  MICOConfigDelegate.o [2]
  .rodata             const    0x08045750     0x60  platform_spi.o [2]
  .rodata             const    0x080457b0     0x5c  mico_system_notification.o [2]
  .rodata             const    0x0804580c     0x5c  mico_system_para_storage.o [2]
  .rodata             const    0x08045868     0x5c  mico_system_power_daemon.o [2]
  .rodata             const    0x080458c4     0x5c  mico_tcl_ota.o [2]
  .rodata             const    0x08045920     0x5c  MICOAppEntrance.o [2]
  .rodata             const    0x0804597c     0x5c  platform_i2c.o [2]
  .rodata             const    0x080459d8     0x5c  platform_i2c.o [2]
  .rodata             const    0x08045a34     0x5c  spi_flash.o [2]
  .rodata             const    0x08045a90     0x5c  system_easylink.o [2]
  .rodata             const    0x08045aec     0x5c  system_easylink.o [2]
  .rodata             const    0x08045b48     0x5c  system_easylink.o [2]
  .rodata             const    0x08045ba4     0x58  config_server_menu.o [2]
  .rodata             const    0x08045bfc     0x58  geniot.o [2]
  .rodata             const    0x08045c54     0x58  mico_platform_common.o [2]
  .rodata             const    0x08045cac     0x58  mico_tcl_ota.o [2]
  .rodata             const    0x08045d04     0x58  StringUtils.o [2]
  .rodata             const    0x08045d5c     0x58  system_easylink.o [2]
  .rodata             const    0x08045db4     0x58  system_factory_test.o [2]
  .rodata             const    0x08045e0c     0x58  system_misc.o [2]
  .rodata             const    0x08045e64     0x58  smart_config.o [6]
  .text               ro code  0x08045ebc     0x56  fputc.o [4]
  .rodata             const    0x08045f14     0x54  mico_mdns.o [2]
  .rodata             const    0x08045f68     0x54  mico_system_init.o [2]
  .rodata             const    0x08045fbc     0x54  MICOAppEntrance.o [2]
  .rodata             const    0x08046010     0x54  MICOConfigDelegate.o [2]
  .rodata             const    0x08046064     0x54  platform_flash.o [2]
  .rodata             const    0x080460b8     0x54  tftp_ota.o [2]
  .rodata             const    0x0804610c     0x54  UartRecv.o [2]
  .rodata             const    0x08046160     0x50  mico_system_power_daemon.o [2]
  .rodata             const    0x080461b0     0x50  platform_flash.o [2]
  .rodata             const    0x08046200     0x50  platform_flash.o [2]
  .rodata             const    0x08046250     0x50  system_easylink.o [2]
  .rodata             const    0x080462a0     0x50  system_easylink.o [2]
  .rodata             const    0x080462f0     0x50  system_misc.o [2]
  .rodata             const    0x08046340     0x4c  mico_system_init.o [2]
  .rodata             const    0x0804638c     0x4c  platform.o [2]
  .rodata             const    0x080463d8     0x4c  platform_i2c.o [2]
  .rodata             const    0x08046424     0x4c  dns.o [6]
  .rodata             const    0x08046470     0x4c  dns.o [6]
  .rodata             const    0x080464bc     0x48  mico_mdns.o [2]
  .rodata             const    0x08046504     0x48  mico_system_init.o [2]
  .rodata             const    0x0804654c     0x48  spi_flash.o [2]
  .rodata             const    0x08046594     0x48  StringUtils.o [2]
  .rodata             const    0x080465dc     0x48  tcp_in.o [6]
  .rodata             const    0x08046624     0x44  geniot.o [2]
  .rodata             const    0x08046668     0x44  mico_cli.o [2]
  .rodata             const    0x080466ac     0x44  mico_cli.o [2]
  .rodata             const    0x080466f0     0x44  mico_system_power_daemon.o [2]
  .rodata             const    0x08046734     0x44  mico_tcl_ota.o [2]
  .rodata             const    0x08046778     0x44  mico_tcl_ota.o [2]
  .rodata             const    0x080467bc     0x44  micokit_ext_mfg.o [2]
  .rodata             const    0x08046800     0x44  tftp_ota.o [2]
  .rodata             const    0x08046844     0x44  tcp_in.o [6]
  .rodata             const    0x08046888     0x40  bme280_user.o [2]
  .rodata             const    0x080468c8     0x40  mico_system_init.o [2]
  .rodata             const    0x08046908     0x40  mico_system_notification.o [2]
  .rodata             const    0x08046948     0x40  mico_system_para_storage.o [2]
  .rodata             const    0x08046988     0x40  mico_tcl_ota.o [2]
  .rodata             const    0x080469c8     0x40  mico_tcl_ota.o [2]
  .rodata             const    0x08046a08     0x40  mico_tcl_ota.o [2]
  .rodata             const    0x08046a48     0x40  MICOAppEntrance.o [2]
  .rodata             const    0x08046a88     0x40  paltform_rtc.o [2]
  .rodata             const    0x08046ac8     0x40  paltform_rtc.o [2]
  .rodata             const    0x08046b08     0x40  platform_adc.o [2]
  .rodata             const    0x08046b48     0x40  system_easylink.o [2]
  .rodata             const    0x08046b88     0x40  tftp_ota.o [2]
  .rodata             const    0x08046bc8     0x40  sockets.o [6]
  .rodata             const    0x08046c08     0x40  wifimgr.o [6]
  .rodata             const    0x08046c48     0x40  wifimgr.o [6]
  .rodata             const    0x08046c88     0x40  udp.o [6]
  .rodata             const    0x08046cc8     0x40  udp.o [6]
  .text               ro code  0x08046d08     0x40  zero_init3.o [7]
  .rodata             const    0x08046d48     0x3c  bme280_user.o [2]
  .rodata             const    0x08046d84     0x3c  bme280_user.o [2]
  .rodata             const    0x08046dc0     0x3c  mico_system_init.o [2]
  .rodata             const    0x08046dfc     0x3c  mico_system_para_storage.o [2]
  .rodata             const    0x08046e38     0x3c  mico_system_para_storage.o [2]
  .rodata             const    0x08046e74     0x3c  mico_tcl_ota.o [2]
  .rodata             const    0x08046eb0     0x3c  system_easylink.o [2]
  .rodata             const    0x08046eec     0x3c  system_misc.o [2]
  .rodata             const    0x08046f28     0x3c  wifimgr.o [6]
  .rodata             const    0x08046f64     0x3c  wifimgr.o [6]
  .rodata             const    0x08046fa0     0x3c  wifimgr.o [6]
  .rodata             const    0x08046fdc     0x38  bme280_user.o [2]
  .rodata             const    0x08047014     0x38  mico_cli.o [2]
  .rodata             const    0x0804704c     0x38  mico_platform_common.o [2]
  .rodata             const    0x08047084     0x38  mico_system_init.o [2]
  .rodata             const    0x080470bc     0x38  mico_system_notification.o [2]
  .rodata             const    0x080470f4     0x38  mico_system_power_daemon.o [2]
  .rodata             const    0x0804712c     0x38  mico_tcl_ota.o [2]
  .rodata             const    0x08047164     0x38  platform.o [2]
  .rodata             const    0x0804719c     0x38  system_misc.o [2]
  .rodata             const    0x080471d4     0x38  tftp_ota.o [2]
  .rodata             const    0x0804720c     0x38  wifimgr.o [6]
  .rodata             const    0x08047244     0x38  wifimgr.o [6]
  .rodata             const    0x0804727c     0x38  memp.o [6]
  .rodata             const    0x080472b4     0x34  hardfault.o [2]
  .rodata             const    0x080472e8     0x34  mico_system_para_storage.o [2]
  .rodata             const    0x0804731c     0x34  mico_system_power_daemon.o [2]
  .rodata             const    0x08047350     0x34  mico_tcl_ota.o [2]
  .rodata             const    0x08047384     0x34  mico_tcl_ota.o [2]
  .rodata             const    0x080473b8     0x34  mico_tcl_ota.o [2]
  .rodata             const    0x080473ec     0x34  micokit_ext_mfg.o [2]
  .rodata             const    0x08047420     0x34  micokit_ext_mfg.o [2]
  .rodata             const    0x08047454     0x34  platform.o [2]
  .rodata             const    0x08047488     0x34  platform_flash.o [2]
  .rodata             const    0x080474bc     0x34  platform_flash.o [2]
  .rodata             const    0x080474f0     0x34  system_easylink.o [2]
  .rodata             const    0x08047524     0x34  system_easylink.o [2]
  .rodata             const    0x08047558     0x34  system_misc.o [2]
  .rodata             const    0x0804758c     0x34  tftp_ota.o [2]
  .rodata             const    0x080475c0     0x34  tftp_ota.o [2]
  .rodata             const    0x080475f4     0x34  smart_config.o [6]
  .rodata             const    0x08047628     0x30  common.o [2]
  .rodata             const    0x08047658     0x30  common.o [2]
  .rodata             const    0x08047688     0x30  hardfault.o [2]
  .rodata             const    0x080476b8     0x30  mico_system_init.o [2]
  .rodata             const    0x080476e8     0x30  mico_system_power_daemon.o [2]
  .rodata             const    0x08047718     0x30  mico_tcl_ota.o [2]
  .rodata             const    0x08047748     0x30  mico_tcl_ota.o [2]
  .rodata             const    0x08047778     0x30  mico_tcl_ota.o [2]
  .rodata             const    0x080477a8     0x30  mico_tcl_ota.o [2]
  .rodata             const    0x080477d8     0x30  micokit_ext_mfg.o [2]
  .rodata             const    0x08047808     0x30  micokit_ext_mfg.o [2]
  .rodata             const    0x08047838     0x30  platform_flash.o [2]
  .rodata             const    0x08047868     0x30  system_easylink.o [2]
  .rodata             const    0x08047898     0x30  system_easylink.o [2]
  .rodata             const    0x080478c8     0x30  tftp_ota.o [2]
  .rodata             const    0x080478f8     0x30  aes.o [6]
  .rodata             const    0x08047928     0x30  wifimgr.o [6]
  .rodata             const    0x08047958     0x30  tcp_in.o [6]
  .rodata             const    0x08047988     0x30  etharp.o [6]
  .rodata             const    0x080479b8     0x30  etharp.o [6]
  .rodata             const    0x080479e8     0x2c  linkhash.o [2]
  .rodata             const    0x08047a14     0x2c  linkhash.o [2]
  .rodata             const    0x08047a40     0x2c  mico_cli.o [2]
  .rodata             const    0x08047a6c     0x2c  mico_cli.o [2]
  .rodata             const    0x08047a98     0x2c  mico_cli.o [2]
  .rodata             const    0x08047ac4     0x2c  mico_cli.o [2]
  .rodata             const    0x08047af0     0x2c  mico_tcl_ota.o [2]
  .rodata             const    0x08047b1c     0x2c  micokit_ext_mfg.o [2]
  .rodata             const    0x08047b48     0x2c  platform_mcu_powersave.o [2]
  .rodata             const    0x08047b74     0x2c  system_easylink.o [2]
  .rodata             const    0x08047ba0     0x2c  system_easylink.o [2]
  .rodata             const    0x08047bcc     0x2c  system_easylink.o [2]
  .rodata             const    0x08047bf8     0x2c  system_misc.o [2]
  .rodata             const    0x08047c24     0x2c  system_misc.o [2]
  .rodata             const    0x08047c50     0x2c  UartRecv.o [2]
  .rodata             const    0x08047c7c     0x2c  wifimgr.o [6]
  .rodata             const    0x08047ca8     0x2c  wifimgr.o [6]
  .rodata             const    0x08047cd4     0x2c  wifimgr.o [6]
  .rodata             const    0x08047d00     0x2c  mftest.o [6]
  .rodata             const    0x08047d2c     0x2c  etharp.o [6]
  .rodata             const    0x08047d58     0x28  bme280_user.o [2]
  .rodata             const    0x08047d80     0x28  config_server_menu.o [2]
  .rodata             const    0x08047da8     0x28  hardfault.o [2]
  .rodata             const    0x08047dd0     0x28  mico_cli.o [2]
  .rodata             const    0x08047df8     0x28  mico_mdns.o [2]
  .rodata             const    0x08047e20     0x28  mico_platform_common.o [2]
  .rodata             const    0x08047e48     0x28  mico_platform_common.o [2]
  .rodata             const    0x08047e70     0x28  mico_system_init.o [2]
  .rodata             const    0x08047e98     0x28  mico_system_notification.o [2]
  .rodata             const    0x08047ec0     0x28  mico_system_para_storage.o [2]
  .rodata             const    0x08047ee8     0x28  mico_system_power_daemon.o [2]
  .rodata             const    0x08047f10     0x28  mico_tcl_ota.o [2]
  .rodata             const    0x08047f38     0x28  mico_tcl_ota.o [2]
  .rodata             const    0x08047f60     0x28  mico_tcl_ota.o [2]
  .rodata             const    0x08047f88     0x28  mico_tcl_ota.o [2]
  .rodata             const    0x08047fb0     0x28  mico_tcl_ota.o [2]
  .rodata             const    0x08047fd8     0x28  mico_tcl_ota.o [2]
  .rodata             const    0x08048000     0x28  MICOAppEntrance.o [2]
  .rodata             const    0x08048028     0x28  MICOAppEntrance.o [2]
  .rodata             const    0x08048050     0x28  MICOAppEntrance.o [2]
  .rodata             const    0x08048078     0x28  MICOConfigDelegate.o [2]
  .rodata             const    0x080480a0     0x28  micokit_ext_mfg.o [2]
  .rodata             const    0x080480c8     0x28  paltform_rtc.o [2]
  .rodata             const    0x080480f0     0x28  paltform_rtc.o [2]
  .rodata             const    0x08048118     0x28  platform.o [2]
  .rodata             const    0x08048140     0x28  platform_adc.o [2]
  .rodata             const    0x08048168     0x28  platform_flash.o [2]
  .rodata             const    0x08048190     0x28  platform_i2c.o [2]
  .rodata             const    0x080481b8     0x28  platform_spi.o [2]
  .rodata             const    0x080481e0     0x28  spi_flash.o [2]
  .rodata             const    0x08048208     0x28  StringUtils.o [2]
  .rodata             const    0x08048230     0x28  system_easylink.o [2]
  .rodata             const    0x08048258     0x28  system_easylink.o [2]
  .rodata             const    0x08048280     0x28  system_easylink.o [2]
  .rodata             const    0x080482a8     0x28  system_easylink.o [2]
  .rodata             const    0x080482d0     0x28  system_factory_test.o [2]
  .rodata             const    0x080482f8     0x28  system_factory_test.o [2]
  .rodata             const    0x08048320     0x28  system_factory_test.o [2]
  .rodata             const    0x08048348     0x28  system_misc.o [2]
  .rodata             const    0x08048370     0x28  system_misc.o [2]
  .rodata             const    0x08048398     0x28  system_misc.o [2]
  .rodata             const    0x080483c0     0x28  system_misc.o [2]
  .rodata             const    0x080483e8     0x28  system_misc.o [2]
  .rodata             const    0x08048410     0x28  tftp_ota.o [2]
  .rodata             const    0x08048438     0x28  tftp_ota.o [2]
  .rodata             const    0x08048460     0x28  tftp_ota.o [2]
  .rodata             const    0x08048488     0x28  UartRecv.o [2]
  .rodata             const    0x080484b0     0x28  wlan_bus_sdio.o [2]
  .rodata             const    0x080484d8     0x28  aes.o [6]
  .rodata             const    0x08048500     0x28  wifimgr.o [6]
  .rodata             const    0x08048528     0x28  wifimgr.o [6]
  .rodata             const    0x08048550     0x28  wifimgr.o [6]
  .rodata             const    0x08048578     0x28  wifimgr.o [6]
  .rodata             const    0x080485a0     0x28  wifimgr.o [6]
  .rodata             const    0x080485c8     0x28  SDPCM.o [6]
  .rodata             const    0x080485f0     0x28  mftest.o [6]
  .rodata             const    0x08048618     0x28  smart_config.o [6]
  .text               ro code  0x08048640     0x28  data_init.o [7]
  .rodata             const    0x08048668     0x24  geniot.o [2]
  .rodata             const    0x0804868c     0x24  mico_cli.o [2]
  .rodata             const    0x080486b0     0x24  mico_cli.o [2]
  .rodata             const    0x080486d4     0x24  mico_tcl_ota.o [2]
  .rodata             const    0x080486f8     0x24  mico_tcl_ota.o [2]
  .rodata             const    0x0804871c     0x24  mico_tcl_ota.o [2]
  .rodata             const    0x08048740     0x24  mico_tcl_ota.o [2]
  .rodata             const    0x08048764     0x24  MICOAppEntrance.o [2]
  .rodata             const    0x08048788     0x24  MICOAppEntrance.o [2]
  .rodata             const    0x080487ac     0x24  MICOConfigDelegate.o [2]
  .rodata             const    0x080487d0     0x24  micokit_ext_mfg.o [2]
  .rodata             const    0x080487f4     0x24  paltform_rtc.o [2]
  .rodata             const    0x08048818     0x24  spi_flash.o [2]
  .rodata             const    0x0804883c     0x24  system_easylink.o [2]
  .rodata             const    0x08048860     0x24  system_factory_test.o [2]
  .rodata             const    0x08048884     0x24  system_misc.o [2]
  .rodata             const    0x080488a8     0x24  system_misc.o [2]
  .rodata             const    0x080488cc     0x24  tftp_ota.o [2]
  .rodata             const    0x080488f0     0x24  tftp_ota.o [2]
  .rodata             const    0x08048914     0x24  wifimgr.o [6]
  .rodata             const    0x08048938     0x24  wifimgr.o [6]
  .rodata             const    0x0804895c     0x24  wifimgr.o [6]
  .rodata             const    0x08048980     0x24  SDPCM.o [6]
  .rodata             const    0x080489a4     0x24  memp.o [6]
  .rodata             const    0x080489c8     0x24  mftest.o [6]
  .rodata             const    0x080489ec     0x24  smart_config.o [6]
  .rodata             const    0x08048a10     0x24  smart_config.o [6]
  .rodata             const    0x08048a34     0x24  tcp_in.o [6]
  .rodata             const    0x08048a58     0x24  dhcp_server.o [6]
  .text               ro code  0x08048a7c     0x22  fpinit_M.o [5]
  .iar.init_table     const    0x08048aa0     0x2c  - Linker created -
  .rodata             const    0x08048acc     0x20  bme280_user.o [2]
  .rodata             const    0x08048aec     0x20  bme280_user.o [2]
  .rodata             const    0x08048b0c     0x20  mico_cli.o [2]
  .rodata             const    0x08048b2c     0x20  mico_cli.o [2]
  .rodata             const    0x08048b4c     0x20  mico_cli.o [2]
  .rodata             const    0x08048b6c     0x20  mico_mdns.o [2]
  .rodata             const    0x08048b8c     0x20  mico_mdns.o [2]
  .rodata             const    0x08048bac     0x20  mico_tcl_ota.o [2]
  .rodata             const    0x08048bcc     0x20  mico_tcl_ota.o [2]
  .rodata             const    0x08048bec     0x20  mico_tcl_ota.o [2]
  .rodata             const    0x08048c0c     0x20  mico_tcl_ota.o [2]
  .rodata             const    0x08048c2c     0x20  micokit_ext_mfg.o [2]
  .rodata             const    0x08048c4c     0x20  paltform_rtc.o [2]
  .rodata             const    0x08048c6c     0x20  platform.o [2]
  .rodata             const    0x08048c8c     0x20  platform_gpio.o [2]
  .rodata             const    0x08048cac     0x20  platform_spi.o [2]
  .rodata             const    0x08048ccc     0x20  StringUtils.o [2]
  .rodata             const    0x08048cec     0x20  system_easylink.o [2]
  .rodata             const    0x08048d0c     0x20  system_easylink.o [2]
  .rodata             const    0x08048d2c     0x20  system_easylink.o [2]
  .rodata             const    0x08048d4c     0x20  system_factory_test.o [2]
  .rodata             const    0x08048d6c     0x20  system_factory_test.o [2]
  .rodata             const    0x08048d8c     0x20  system_misc.o [2]
  .rodata             const    0x08048dac     0x20  system_misc.o [2]
  .rodata             const    0x08048dcc     0x20  system_misc.o [2]
  .rodata             const    0x08048dec     0x20  tftp_ota.o [2]
  .rodata             const    0x08048e0c     0x20  tftp_ota.o [2]
  .rodata             const    0x08048e2c     0x20  UartRecv.o [2]
  .rodata             const    0x08048e4c     0x20  wifimgr.o [6]
  .rodata             const    0x08048e6c     0x20  wifimgr.o [6]
  .rodata             const    0x08048e8c     0x20  wifimgr.o [6]
  .rodata             const    0x08048eac     0x20  wifimgr.o [6]
  .rodata             const    0x08048ecc     0x20  wifimgr.o [6]
  .rodata             const    0x08048eec     0x20  wifimgr.o [6]
  .rodata             const    0x08048f0c     0x20  wifimgr.o [6]
  .rodata             const    0x08048f2c     0x20  memp.o [6]
  .rodata             const    0x08048f4c     0x20  memp.o [6]
  .rodata             const    0x08048f6c     0x20  memp.o [6]
  .rodata             const    0x08048f8c     0x20  mftest.o [6]
  .rodata             const    0x08048fac     0x20  mftest.o [6]
  .rodata             const    0x08048fcc     0x20  mftest.o [6]
  .rodata             const    0x08048fec     0x20  smart_config.o [6]
  .rodata             const    0x0804900c     0x20  dns.o [6]
  .rodata             const    0x0804902c     0x20  wifi.o [6]
  .rodata             const    0x0804904c     0x20  udp.o [6]
  .rodata             const    0x0804906c     0x20  dhcp_server.o [6]
  .rodata             const    0x0804908c     0x1c  mico_cli.o [2]
  .rodata             const    0x080490a8     0x1c  mico_cli.o [2]
  .rodata             const    0x080490c4     0x1c  mico_cli.o [2]
  .rodata             const    0x080490e0     0x1c  mico_tcl_ota.o [2]
  .rodata             const    0x080490fc     0x1c  mico_tcl_ota.o [2]
  .rodata             const    0x08049118     0x1c  MICOAppEntrance.o [2]
  .rodata             const    0x08049134     0x1c  micokit_ext_mfg.o [2]
  .rodata             const    0x08049150     0x1c  micokit_ext_mfg.o [2]
  .rodata             const    0x0804916c     0x1c  paltform_rtc.o [2]
  .rodata             const    0x08049188     0x1c  system_factory_test.o [2]
  .rodata             const    0x080491a4     0x1c  tftp_ota.o [2]
  .rodata             const    0x080491c0     0x1c  wlan_bus_sdio.o [2]
  .rodata             const    0x080491dc     0x1c  wlan_bus_sdio.o [2]
  .rodata             const    0x080491f8     0x1c  mxchipWNET.o [6]
  .rodata             const    0x08049214     0x1c  sockets.o [6]
  .rodata             const    0x08049230     0x1c  wifimgr.o [6]
  .rodata             const    0x0804924c     0x1c  wifimgr.o [6]
  .rodata             const    0x08049268     0x1c  wifimgr.o [6]
  .rodata             const    0x08049284     0x1c  wifimgr.o [6]
  .rodata             const    0x080492a0     0x1c  SDPCM.o [6]
  .rodata             const    0x080492bc     0x1c  SDPCM.o [6]
  .rodata             const    0x080492d8     0x1c  mftest.o [6]
  .rodata             const    0x080492f4     0x1c  smart_config.o [6]
  .rodata             const    0x08049310     0x1c  smart_config.o [6]
  .rodata             const    0x0804932c     0x1c  smart_config.o [6]
  .rodata             const    0x08049348     0x1c  smart_config.o [6]
  .rodata             const    0x08049364     0x1c  wwd_wifi.o [6]
  .text               ro code  0x08049380     0x1c  crt0_EWARM.o [2]
  .text               ro code  0x0804939c     0x1a  cmain.o [7]
  .rodata             const    0x080493b8     0x18  mico_cli.o [2]
  .rodata             const    0x080493d0     0x18  mico_cli.o [2]
  .rodata             const    0x080493e8     0x18  mico_cli.o [2]
  .rodata             const    0x08049400     0x18  mico_cli.o [2]
  .rodata             const    0x08049418     0x18  mico_cli.o [2]
  .rodata             const    0x08049430     0x18  mico_cli.o [2]
  .rodata             const    0x08049448     0x18  mico_tcl_ota.o [2]
  .rodata             const    0x08049460     0x18  micokit_ext_mfg.o [2]
  .rodata             const    0x08049478     0x18  paltform_rtc.o [2]
  .rodata             const    0x08049490     0x18  platform_uart.o [2]
  .rodata             const    0x080494a8     0x18  platform_uart.o [2]
  .rodata             const    0x080494c0     0x18  spi_flash.o [2]
  .rodata             const    0x080494d8     0x18  system_easylink.o [2]
  .rodata             const    0x080494f0     0x18  system_easylink.o [2]
  .rodata             const    0x08049508     0x18  system_easylink.o [2]
  .rodata             const    0x08049520     0x18  system_easylink.o [2]
  .rodata             const    0x08049538     0x18  system_factory_test.o [2]
  .rodata             const    0x08049550     0x18  system_factory_test.o [2]
  .rodata             const    0x08049568     0x18  sockets.o [6]
  .rodata             const    0x08049580     0x18  sockets.o [6]
  .rodata             const    0x08049598     0x18  sockets.o [6]
  .rodata             const    0x080495b0     0x18  sockets.o [6]
  .rodata             const    0x080495c8     0x18  wifimgr.o [6]
  .rodata             const    0x080495e0     0x18  wifimgr.o [6]
  .rodata             const    0x080495f8     0x18  wifimgr.o [6]
  .rodata             const    0x08049610     0x18  wifimgr.o [6]
  .rodata             const    0x08049628     0x18  wifimgr.o [6]
  .rodata             const    0x08049640     0x18  wifimgr.o [6]
  .rodata             const    0x08049658     0x18  wifimgr.o [6]
  .rodata             const    0x08049670     0x18  wifimgr.o [6]
  .rodata             const    0x08049688     0x18  wifimgr.o [6]
  .rodata             const    0x080496a0     0x18  wifimgr.o [6]
  .rodata             const    0x080496b8     0x18  SDPCM.o [6]
  .rodata             const    0x080496d0     0x18  SDPCM.o [6]
  .rodata             const    0x080496e8     0x18  mftest.o [6]
  .rodata             const    0x08049700     0x18  mftest.o [6]
  .rodata             const    0x08049718     0x18  mftest.o [6]
  .rodata             const    0x08049730     0x18  smart_config.o [6]
  .rodata             const    0x08049748     0x18  smart_config.o [6]
  .rodata             const    0x08049760     0x18  smart_config.o [6]
  .rodata             const    0x08049778     0x18  smart_config.o [6]
  .rodata             const    0x08049790     0x18  smart_config.o [6]
  .rodata             const    0x080497a8     0x18  smart_config.o [6]
  .rodata             const    0x080497c0     0x18  smart_config.o [6]
  .rodata             const    0x080497d8     0x18  smart_config.o [6]
  .rodata             const    0x080497f0     0x18  smart_config.o [6]
  .text               ro code  0x08049808     0x16  xprout.o [4]
  .text               ro code  0x08049820      0xc  putchar.o [4]
  .rodata             const    0x0804982c     0x14  hardfault.o [2]
  .rodata             const    0x08049840     0x14  hardfault.o [2]
  .rodata             const    0x08049854     0x14  json_object.o [2]
  .rodata             const    0x08049868     0x14  mico_cli.o [2]
  .rodata             const    0x0804987c     0x14  mico_cli.o [2]
  .rodata             const    0x08049890     0x14  mico_cli.o [2]
  .rodata             const    0x080498a4     0x14  mico_cli.o [2]
  .rodata             const    0x080498b8     0x14  mico_cli.o [2]
  .rodata             const    0x080498cc     0x14  mico_cli.o [2]
  .rodata             const    0x080498e0     0x14  mico_cli.o [2]
  .rodata             const    0x080498f4     0x14  mico_cli.o [2]
  .rodata             const    0x08049908     0x14  mico_cli.o [2]
  .rodata             const    0x0804991c     0x14  mico_cli.o [2]
  .rodata             const    0x08049930     0x14  mico_cli.o [2]
  .rodata             const    0x08049944     0x14  mico_cli.o [2]
  .rodata             const    0x08049958     0x14  mico_cli.o [2]
  .rodata             const    0x0804996c     0x14  mico_cli.o [2]
  .rodata             const    0x08049980     0x14  mico_cli.o [2]
  .rodata             const    0x08049994     0x14  mico_cli.o [2]
  .rodata             const    0x080499a8     0x14  mico_mdns.o [2]
  .rodata             const    0x080499bc     0x14  MICOConfigDelegate.o [2]
  .rodata             const    0x080499d0     0x14  micokit_ext.o [2]
  .rodata             const    0x080499e4     0x14  micokit_ext.o [2]
  .rodata             const    0x080499f8     0x14  micokit_ext_mfg.o [2]
  .rodata             const    0x08049a0c     0x14  micokit_ext_mfg.o [2]
  .rodata             const    0x08049a20     0x14  system_easylink.o [2]
  .rodata             const    0x08049a34     0x14  system_factory_test.o [2]
  .rodata             const    0x08049a48     0x14  system_misc.o [2]
  .rodata             const    0x08049a5c     0x14  wlan_bus_sdio.o [2]
  .rodata             const    0x08049a70     0x14  wifimgr.o [6]
  .rodata             const    0x08049a84     0x14  wifimgr.o [6]
  .rodata             const    0x08049a98     0x14  wifimgr.o [6]
  .rodata             const    0x08049aac     0x14  wifimgr.o [6]
  .rodata             const    0x08049ac0     0x14  wifimgr.o [6]
  .rodata             const    0x08049ad4     0x14  wifimgr.o [6]
  .rodata             const    0x08049ae8     0x14  wifimgr.o [6]
  .rodata             const    0x08049afc     0x14  wifimgr.o [6]
  .rodata             const    0x08049b10     0x14  wifimgr.o [6]
  .rodata             const    0x08049b24     0x14  wifimgr.o [6]
  .rodata             const    0x08049b38     0x14  wifimgr.o [6]
  .rodata             const    0x08049b4c     0x14  wifimgr.o [6]
  .rodata             const    0x08049b60     0x14  wifimgr.o [6]
  .rodata             const    0x08049b74     0x14  wifimgr.o [6]
  .rodata             const    0x08049b88     0x14  wifimgr.o [6]
  .rodata             const    0x08049b9c     0x14  wifimgr.o [6]
  .rodata             const    0x08049bb0     0x14  wifimgr.o [6]
  .rodata             const    0x08049bc4     0x14  wifimgr.o [6]
  .rodata             const    0x08049bd8     0x14  SDPCM.o [6]
  .rodata             const    0x08049bec     0x14  SDPCM.o [6]
  .rodata             const    0x08049c00     0x14  SDPCM.o [6]
  .rodata             const    0x08049c14     0x14  mftest.o [6]
  .rodata             const    0x08049c28     0x14  mftest.o [6]
  .rodata             const    0x08049c3c     0x14  tasks.o [6]
  .rodata             const    0x08049c50     0x14  tasks.o [6]
  .rodata             const    0x08049c64     0x14  smart_config.o [6]
  .rodata             const    0x08049c78     0x14  smart_config.o [6]
  .rodata             const    0x08049c8c     0x14  smart_config.o [6]
  .rodata             const    0x08049ca0     0x14  smart_config.o [6]
  .rodata             const    0x08049cb4     0x14  smart_config.o [6]
  .rodata             const    0x08049cc8     0x14  aes_wrap.o [6]
  .rodata             const    0x08049cdc     0x14  dns.o [6]
  .rodata             const    0x08049cf0     0x14  wwd_wifi.o [6]
  .rodata             const    0x08049d04     0x14  wwd_wifi.o [6]
  .rodata             const    0x08049d18     0x14  wiced_network.o [6]
  .text               ro code  0x08049d2c     0x12  startup_stm32f411xe_IAR.o [2]
  .rodata             const    0x08049d40     0x10  bme280_user.o [2]
  .rodata             const    0x08049d50     0x10  bme280_user.o [2]
  .rodata             const    0x08049d60     0x10  hardfault.o [2]
  .rodata             const    0x08049d70     0x10  hardfault.o [2]
  .rodata             const    0x08049d80     0x10  hardfault.o [2]
  .rodata             const    0x08049d90     0x10  hardfault.o [2]
  .rodata             const    0x08049da0     0x10  hardfault.o [2]
  .rodata             const    0x08049db0     0x10  hardfault.o [2]
  .rodata             const    0x08049dc0     0x10  hardfault.o [2]
  .rodata             const    0x08049dd0     0x10  hardfault.o [2]
  .rodata             const    0x08049de0     0x10  hardfault.o [2]
  .rodata             const    0x08049df0     0x10  hardfault.o [2]
  .rodata             const    0x08049e00     0x10  hardfault.o [2]
  .rodata             const    0x08049e10     0x10  hardfault.o [2]
  .rodata             const    0x08049e20     0x10  mico_cli.o [2]
  .rodata             const    0x08049e30     0x10  mico_cli.o [2]
  .rodata             const    0x08049e40     0x10  mico_cli.o [2]
  .rodata             const    0x08049e50     0x10  mico_cli.o [2]
  .rodata             const    0x08049e60     0x10  mico_cli.o [2]
  .rodata             const    0x08049e70     0x10  mico_cli.o [2]
  .rodata             const    0x08049e80     0x10  mico_cli.o [2]
  .rodata             const    0x08049e90     0x10  mico_cli.o [2]
  .rodata             const    0x08049ea0     0x10  mico_cli.o [2]
  .rodata             const    0x08049eb0     0x10  mico_cli.o [2]
  .rodata             const    0x08049ec0     0x10  mico_cli.o [2]
  .rodata             const    0x08049ed0     0x10  mico_cli.o [2]
  .rodata             const    0x08049ee0     0x10  mico_cli.o [2]
  .rodata             const    0x08049ef0     0x10  mico_mdns.o [2]
  .rodata             const    0x08049f00     0x10  mico_system_para_storage.o [2]
  .rodata             const    0x08049f10     0x10  mico_system_power_daemon.o [2]
  .rodata             const    0x08049f20     0x10  MICOAppEntrance.o [2]
  .rodata             const    0x08049f30     0x10  MICOConfigDelegate.o [2]
  .rodata             const    0x08049f40     0x10  MICOConfigDelegate.o [2]
  .rodata             const    0x08049f50     0x10  micokit_ext.o [2]
  .rodata             const    0x08049f60     0x10  micokit_ext.o [2]
  .rodata             const    0x08049f70     0x10  micokit_ext_mfg.o [2]
  .rodata             const    0x08049f80     0x10  micokit_ext_mfg.o [2]
  .rodata             const    0x08049f90     0x10  paltform_rtc.o [2]
  .rodata             const    0x08049fa0     0x10  paltform_rtc.o [2]
  .rodata             const    0x08049fb0     0x10  platform.o [2]
  .rodata             const    0x08049fc0     0x10  platform_adc.o [2]
  .rodata             const    0x08049fd0     0x10  system_easylink.o [2]
  .rodata             const    0x08049fe0     0x10  system_easylink.o [2]
  .rodata             const    0x08049ff0     0x10  system_easylink.o [2]
  .rodata             const    0x0804a000     0x10  system_easylink.o [2]
  .rodata             const    0x0804a010     0x10  system_factory_test.o [2]
  .rodata             const    0x0804a020     0x10  tftp_ota.o [2]
  .rodata             const    0x0804a030     0x10  wiced_rtos.o [6]
  .rodata             const    0x0804a040     0x10  wiced_rtos.o [6]
  .rodata             const    0x0804a050     0x10  mxchipWNET.o [6]
  .rodata             const    0x0804a060     0x10  mxchipWNET.o [6]
  .rodata             const    0x0804a070     0x10  wifimgr.o [6]
  .rodata             const    0x0804a080     0x10  wifimgr.o [6]
  .rodata             const    0x0804a090     0x10  wifimgr.o [6]
  .rodata             const    0x0804a0a0     0x10  wifimgr.o [6]
  .rodata             const    0x0804a0b0     0x10  wifimgr.o [6]
  .rodata             const    0x0804a0c0     0x10  wifimgr.o [6]
  .rodata             const    0x0804a0d0     0x10  wifimgr.o [6]
  .rodata             const    0x0804a0e0     0x10  wifimgr.o [6]
  .rodata             const    0x0804a0f0     0x10  wifimgr.o [6]
  .rodata             const    0x0804a100     0x10  wifimgr.o [6]
  .rodata             const    0x0804a110     0x10  wifimgr.o [6]
  .rodata             const    0x0804a120     0x10  wifimgr.o [6]
  .rodata             const    0x0804a130     0x10  SDPCM.o [6]
  .rodata             const    0x0804a140     0x10  memp.o [6]
  .rodata             const    0x0804a150     0x10  memp.o [6]
  .rodata             const    0x0804a160     0x10  memp.o [6]
  .rodata             const    0x0804a170     0x10  memp.o [6]
  .rodata             const    0x0804a180     0x10  memp.o [6]
  .rodata             const    0x0804a190     0x10  memp.o [6]
  .rodata             const    0x0804a1a0     0x10  mftest.o [6]
  .rodata             const    0x0804a1b0     0x10  mftest.o [6]
  .rodata             const    0x0804a1c0     0x10  smart_config.o [6]
  .rodata             const    0x0804a1d0     0x10  smart_config.o [6]
  .rodata             const    0x0804a1e0     0x10  smart_config.o [6]
  .rodata             const    0x0804a1f0     0x10  smart_config.o [6]
  .rodata             const    0x0804a200     0x10  smart_config.o [6]
  .rodata             const    0x0804a210     0x10  smart_config.o [6]
  .rodata             const    0x0804a220     0x10  smart_config.o [6]
  .rodata             const    0x0804a230     0x10  smart_config.o [6]
  .rodata             const    0x0804a240     0x10  smart_config.o [6]
  .rodata             const    0x0804a250     0x10  dns.o [6]
  .rodata             const    0x0804a260     0x10  tcp.o [6]
  .rodata             const    0x0804a270     0x10  wwd_wifi.o [6]
  .rodata             const    0x0804a280     0x10  wwd_wifi.o [6]
  .rodata             const    0x0804a290     0x10  wwd_wifi.o [6]
  .rodata             const    0x0804a2a0     0x10  wwd_wifi.o [6]
  .rodata             const    0x0804a2b0     0x10  wifi.o [6]
  .rodata             const    0x0804a2c0     0x10  lwiptcpip.o [6]
  .rodata             const    0x0804a2d0     0x10  wwd_ap.o [6]
  .rodata             const    0x0804a2e0      0xc  bme280_user.o [2]
  .rodata             const    0x0804a2ec      0xc  common.o [2]
  .rodata             const    0x0804a2f8      0xc  hardfault.o [2]
  .rodata             const    0x0804a304      0xc  hardfault.o [2]
  .rodata             const    0x0804a310      0xc  hardfault.o [2]
  .rodata             const    0x0804a31c      0xc  json_object.o [2]
  .rodata             const    0x0804a328      0xc  mico_cli.o [2]
  .rodata             const    0x0804a334      0xc  mico_cli.o [2]
  .rodata             const    0x0804a340      0xc  mico_cli.o [2]
  .rodata             const    0x0804a34c      0xc  mico_cli.o [2]
  .rodata             const    0x0804a358      0xc  mico_cli.o [2]
  .rodata             const    0x0804a364      0xc  mico_cli.o [2]
  .rodata             const    0x0804a370      0xc  mico_cli.o [2]
  .rodata             const    0x0804a37c      0xc  mico_cli.o [2]
  .rodata             const    0x0804a388      0xc  mico_cli.o [2]
  .rodata             const    0x0804a394      0xc  mico_cli.o [2]
  .rodata             const    0x0804a3a0      0xc  mico_cli.o [2]
  .rodata             const    0x0804a3ac      0xc  mico_cli.o [2]
  .rodata             const    0x0804a3b8      0xc  mico_cli.o [2]
  .rodata             const    0x0804a3c4      0xc  mico_cli.o [2]
  .rodata             const    0x0804a3d0      0xc  mico_cli.o [2]
  .rodata             const    0x0804a3dc      0xc  mico_cli.o [2]
  .rodata             const    0x0804a3e8      0xc  mico_cli.o [2]
  .rodata             const    0x0804a3f4      0xc  mico_cli.o [2]
  .rodata             const    0x0804a400      0xc  mico_cli.o [2]
  .rodata             const    0x0804a40c      0xc  mico_cli.o [2]
  .rodata             const    0x0804a418      0xc  mico_mdns.o [2]
  .rodata             const    0x0804a424      0xc  mico_platform_common.o [2]
  .rodata             const    0x0804a430      0xc  mico_tcl_ota.o [2]
  .rodata             const    0x0804a43c      0xc  mico_tcl_ota.o [2]
  .rodata             const    0x0804a448      0xc  MICOAppEntrance.o [2]
  .rodata             const    0x0804a454      0xc  MICOAppEntrance.o [2]
[...]
vprintf                 0x0803ef01    0x18  Code  Gb  vprintf.o [4]
vsnprintf               0x0803a2e9    0x3c  Code  Gb  vsnprint.o [4]
vsprintf                0x0803eed5    0x2c  Code  Gb  vsprintf.o [4]
wake_up_interrupt_triggered
                        0x20008f27     0x1  Data  Lc  platform_mcu_powersave.o [2]
wiced_abort_read        0x08026b57    0x4e  Code  Gb  wwd_bus_protocol.o [6]
wiced_bus_allow_wlan_bus_to_sleep
                        0x08026c75    0x22  Code  Gb  wwd_bus_protocol.o [6]
wiced_bus_deinit        0x08026691    0x14  Code  Gb  wwd_bus_protocol.o [6]
wiced_bus_ensure_wlan_bus_is_up
                        0x08026bd7    0x72  Code  Gb  wwd_bus_protocol.o [6]
wiced_bus_flow_controlled
                        0x20008f4f     0x1  Data  Lc  wwd_bus_protocol.o [6]
wiced_bus_init          0x0802638d   0x304  Code  Gb  wwd_bus_protocol.o [6]
wiced_bus_interrupt     0x20008f3b     0x1  Data  Lc  wwd_thread.o [6]
wiced_bus_is_flow_controlled
                        0x08026c6f     0x6  Code  Gb  wwd_bus_protocol.o [6]
wiced_bus_poke_wlan     0x08026c49     0xe  Code  Gb  wwd_bus_protocol.o [6]
wiced_bus_process_interrupt
                        0x080266a5    0x22  Code  Gb  wwd_bus_protocol.o [6]
wiced_bus_set_flow_control
                        0x08026c57    0x18  Code  Gb  wwd_bus_protocol.o [6]
wiced_bus_transfer_buffer
                        0x08026355    0x38  Code  Gb  wwd_bus_protocol.o [6]
wiced_bus_transfer_bytes
                        0x080268ad    0x16  Code  Gb  wwd_bus_protocol.o [6]
wiced_device_core_is_up
                        0x08032365    0x5c  Code  Gb  wwd_internal.o [6]
wiced_dhcp_handle       0x2000868c    0x3c  Data  Gb  wiced_network.o [6]
wiced_disable_device_core
                        0x080323c1    0x9e  Code  Gb  wwd_internal.o [6]
wiced_dns_redirector_start
                        0x0801dfb1    0x42  Code  Gb  dns_redirect.o [6]
wiced_dns_redirector_stop
                        0x0801dff3    0x30  Code  Gb  dns_redirect.o [6]
wiced_download_firmware
                        0x08026a5d    0xfa  Code  Lc  wwd_bus_protocol.o [6]
wiced_get_available_bus_credits
                        0x0801c421     0xe  Code  Gb  SDPCM.o [6]
wiced_get_core_address  0x08032359     0xc  Code  Lc  wwd_internal.o [6]
wiced_get_ioctl_buffer  0x0801c2bd    0x26  Code  Gb  SDPCM.o [6]
wiced_get_iovar_buffer  0x0801c255    0x68  Code  Gb  SDPCM.o [6]
wiced_get_mac_addr      0x0801a4dd    0x10  Code  Gb  wwd_management.o [6]
wiced_get_next_buffer_in_queue
                        0x0801c4bf     0xa  Code  Lc  SDPCM.o [6]
wiced_get_packet_to_send
                        0x0801c2e3   0x13a  Code  Gb  SDPCM.o [6]
wiced_gpio_input_get    0x08022c27    0x1e  Code  Gb  mico_platform_common.o [2]
wiced_handle_apsta_event
                        0x0801e179    0x2e  Code  Lc  wwd_ap.o [6]
wiced_init              0x08014475    0x84  Code  Gb  wifi.o [6]
wiced_init_sdpcm        0x0801b699    0xe4  Code  Gb  SDPCM.o [6]
wiced_inited            0x20008f3a     0x1  Data  Lc  wwd_thread.o [6]
wiced_initialised       0x20008f47     0x1  Data  Lc  wifi.o [6]
wiced_ioctl_response    0x20008d50     0x4  Data  Lc  SDPCM.o [6]
wiced_ioctl_sleep       0x20008d54     0x4  Data  Lc  SDPCM.o [6]
wiced_ip_broadcast      0x08049d18    0x14  Data  Gb  wiced_network.o [6]
wiced_ip_down           0x0801dead    0x7e  Code  Gb  wiced_network.o [6]
wiced_ip_get_gateway_address
                        0x08017015    0x24  Code  Gb  tcpip.o [6]
wiced_ip_get_ipaddr     0x0801705d    0x56  Code  Gb  tcpip.o [6]
wiced_ip_get_ipv4_address
                        0x080173d7    0x24  Code  Gb  tcpip.o [6]
wiced_ip_get_netmask    0x08017039    0x24  Code  Gb  tcpip.o [6]
wiced_ip_handle         0x20007dec    0x88  Data  Gb  wiced_network.o [6]
wiced_ip_up             0x0801dc3d   0x270  Code  Gb  wiced_network.o [6]
wiced_join_events_handler
                        0x08010129   0x12a  Code  Lc  wwd_wifi.o [6]
wiced_join_status       0x20008e70     0x4  Data  Gb  wwd_wifi.o [6]
wiced_mac_addr          0x20008c08     0x8  Data  Lc  wwd_management.o [6]
wiced_management_init   0x0801a2c9    0x1e  Code  Gb  wwd_management.o [6]
wiced_management_set_event_handler
                        0x0801c0a1     0xa  Code  Gb  SDPCM.o [6]
wiced_management_wifi_off
                        0x0801a48d    0x50  Code  Gb  wwd_management.o [6]
wiced_management_wifi_on
                        0x0801a2e7   0x1a6  Code  Gb  wwd_management.o [6]
wiced_network_init      0x0801db89    0xa2  Code  Gb  wiced_network.o [6]
wiced_network_link_renew_handler
                        0x0801df2b    0x18  Code  Gb  wiced_network.o [6]
wiced_network_send_ethernet_data
                        0x0801b7fb    0x8a  Code  Gb  SDPCM.o [6]
wiced_networking_worker_thread
                        0x20008bc8     0x8  Data  Gb  wiced_rtos.o [6]
wiced_packet_create_tcp
                        0x080172a7    0x6c  Code  Gb  tcpip.o [6]
wiced_packet_create_udp
                        0x08017313    0x12  Code  Gb  tcpip.o [6]
wiced_packet_delete     0x08017325     0xa  Code  Gb  tcpip.o [6]
wiced_packet_get_data   0x08017361    0x76  Code  Gb  tcpip.o [6]
wiced_packet_set_data_end
                        0x0801732f    0x16  Code  Gb  tcpip.o [6]
wiced_ping              0x08016fed    0x28  Code  Gb  tcpip.o [6]
wiced_ping_send         0x080236c1    0x8c  Code  Gb  wiced_ping.o [6]
wiced_platform_notify_irq
                        0x08026dfb    0x22  Code  Gb  wwd_thread.o [6]
wiced_process_bus_credit_update
                        0x0801b885    0x72  Code  Gb  SDPCM.o [6]
wiced_process_sdpcm     0x0801b8f7   0x492  Code  Gb  SDPCM.o [6]
wiced_quit_sdpcm        0x0801b77d    0x4e  Code  Gb  SDPCM.o [6]
wiced_read_backplane_value
                        0x08026859    0x36  Code  Gb  wwd_bus_protocol.o [6]
wiced_read_frame        0x080266c7   0x160  Code  Gb  wwd_bus_protocol.o [6]
wiced_read_register_value
                        0x08026ba5    0x32  Code  Lc  wwd_bus_protocol.o [6]
wiced_receive_one_packet
                        0x08026d9b    0x38  Code  Gb  wwd_thread.o [6]
wiced_reset_device_core
                        0x0803245f    0x9e  Code  Gb  wwd_internal.o [6]
wiced_rtos_create_thread
                        0x08013235    0x4e  Code  Gb  wiced_rtos.o [6]
wiced_rtos_create_worker_thread
                        0x080134cf    0x5a  Code  Gb  wiced_rtos.o [6]
wiced_rtos_deinit_queue
                        0x0801340f     0xc  Code  Gb  wiced_rtos.o [6]
wiced_rtos_deinit_semaphore
                        0x08013397    0x16  Code  Gb  wiced_rtos.o [6]
wiced_rtos_deinit_timer
                        0x08013491    0x22  Code  Gb  wiced_rtos.o [6]
wiced_rtos_delay_milliseconds
                        0x080132e5     0xa  Code  Gb  wiced_rtos.o [6]
wiced_rtos_delete_thread
                        0x08013283    0x24  Code  Gb  wiced_rtos.o [6]
wiced_rtos_deregister_timed_event
                        0x08013571    0x24  Code  Gb  wiced_rtos.o [6]
wiced_rtos_get_semaphore
                        0x0801332f    0x22  Code  Gb  wiced_rtos.o [6]
wiced_rtos_init         0x08013213    0x22  Code  Gb  wiced_rtos.o [6]
wiced_rtos_init_queue   0x080133ad    0x1e  Code  Gb  wiced_rtos.o [6]
wiced_rtos_init_semaphore
                        0x0801330d    0x22  Code  Gb  wiced_rtos.o [6]
wiced_rtos_init_timer   0x08013431    0x36  Code  Gb  wiced_rtos.o [6]
wiced_rtos_is_current_thread
                        0x080132c1    0x18  Code  Gb  wiced_rtos.o [6]
wiced_rtos_pop_from_queue
                        0x080133ed    0x22  Code  Gb  wiced_rtos.o [6]
wiced_rtos_push_to_queue
                        0x080133cb    0x22  Code  Gb  wiced_rtos.o [6]
wiced_rtos_register_timed_event
                        0x08013529    0x48  Code  Gb  wiced_rtos.o [6]
wiced_rtos_send_asynchronous_event
                        0x08013595    0x14  Code  Gb  wiced_rtos.o [6]
wiced_rtos_set_semaphore
                        0x08013351    0x46  Code  Gb  wiced_rtos.o [6]
wiced_rtos_start_timer  0x08013467    0x2a  Code  Gb  wiced_rtos.o [6]
wiced_rtos_thread_force_awake
                        0x080132d9     0xc  Code  Gb  wiced_rtos.o [6]
wiced_rtos_thread_join  0x080132a7    0x1a  Code  Gb  wiced_rtos.o [6]
wiced_sdio_redirect_oob_interrupt
                        0x08026c97    0x36  Code  Lc  wwd_bus_protocol.o [6]
wiced_sdio_transfer     0x080268c3    0x92  Code  Lc  wwd_bus_protocol.o [6]
wiced_sdpcm_ioctl_mutex
                        0x20008d4c     0x4  Data  Lc  SDPCM.o [6]
wiced_sdpcm_send_queue_head
                        0x20008d60     0x4  Data  Lc  SDPCM.o [6]
wiced_sdpcm_send_queue_mutex
                        0x20008d5c     0x4  Data  Lc  SDPCM.o [6]
wiced_sdpcm_send_queue_tail
                        0x20008d64     0x4  Data  Lc  SDPCM.o [6]
wiced_send_ioctl        0x0801bd8d   0x314  Code  Gb  SDPCM.o [6]
wiced_send_iovar        0x0801b7cb    0x30  Code  Gb  SDPCM.o [6]
wiced_send_one_packet   0x08026d5f    0x3c  Code  Gb  wwd_thread.o [6]
wiced_send_sdpcm_common
                        0x0801c42f    0x90  Code  Lc  SDPCM.o [6]
wiced_set_backplane_window
                        0x080322b1    0xa8  Code  Gb  wwd_internal.o [6]
wiced_set_next_buffer_in_queue
                        0x0801c4c9     0xe  Code  Lc  SDPCM.o [6]
wiced_start_dhcp_server
                        0x0802ad91    0x58  Code  Gb  dhcp_server.o [6]
wiced_stop_dhcp         0x0801df43     0x8  Code  Gb  wiced_network.o [6]
wiced_stop_dhcp_server  0x0802ade9    0x2a  Code  Gb  dhcp_server.o [6]
wiced_tcp_bind          0x080171bb    0x4a  Code  Gb  tcpip.o [6]
wiced_tcp_connect       0x08017111    0xaa  Code  Gb  tcpip.o [6]
wiced_tcp_create_socket
                        0x080170b3    0x5e  Code  Gb  tcpip.o [6]
wiced_tcp_send_packet   0x08017205    0x20  Code  Gb  tcpip.o [6]
wiced_tcp_start_tls     0x08023d33     0x6  Code  Gb  mxchipbesl.o [6]
wiced_thread            0x20008d88     0x4  Data  Lc  wwd_thread.o [6]
wiced_thread_func       0x08026e31   0x108  Code  Lc  wwd_thread.o [6]
wiced_thread_init       0x08026d11    0x4e  Code  Gb  wwd_thread.o [6]
wiced_thread_notify     0x08026e1d    0x14  Code  Gb  wwd_thread.o [6]
wiced_thread_quit       0x08026dd3    0x28  Code  Gb  wwd_thread.o [6]
wiced_thread_quit_flag  0x20008f39     0x1  Data  Lc  wwd_thread.o [6]
wiced_time_get_time     0x080132ef    0x1e  Code  Gb  wiced_rtos.o [6]
wiced_time_offset       0x20008cf0     0x4  Data  Lc  wiced_rtos.o [6]
wiced_tls_encrypt_packet
                        0x08023d2d     0x6  Code  Gb  mxchipbesl.o [6]
wiced_transceive_semaphore
                        0x20008d8c     0x4  Data  Lc  wwd_thread.o [6]
wiced_udp_create_socket
                        0x080173fb    0x7c  Code  Gb  tcpip.o [6]
wiced_udp_delete_socket
                        0x08017531    0x1e  Code  Gb  tcpip.o [6]
wiced_udp_packet_get_info
                        0x08017345    0x1c  Code  Gb  tcpip.o [6]
wiced_udp_receive       0x080174f3    0x3e  Code  Gb  tcpip.o [6]
wiced_udp_send          0x08017477    0x7c  Code  Gb  tcpip.o [6]
wiced_using_dhcp        0x20008f4b     0x1  Data  Lc  wiced_network.o [6]
wiced_wifi_add_packet_filter
                        0x08010849    0x86  Code  Gb  wwd_wifi.o [6]
wiced_wifi_ap_is_up     0x20008f4d     0x1  Data  Gb  wwd_ap.o [6]
wiced_wifi_disable_monitor_mode
                        0x08010701    0x5c  Code  Gb  wwd_wifi.o [6]
wiced_wifi_enable_monitor_mode
                        0x080106a5    0x5c  Code  Gb  wwd_wifi.o [6]
wiced_wifi_enable_packet_filter
                        0x08010907     0xc  Code  Gb  wwd_wifi.o [6]
wiced_wifi_enable_powersave_with_throughput
                        0x08010351    0x8a  Code  Gb  wwd_wifi.o [6]
wiced_wifi_get_ap_name  0x08010955    0x68  Code  Gb  wwd_wifi.o [6]
wiced_wifi_get_channel  0x0801078d     0xc  Code  Gb  wwd_wifi.o [6]
wiced_wifi_get_mac_address
                        0x08010253    0x4e  Code  Gb  wwd_wifi.o [6]
wiced_wifi_get_pmk      0x080103ed    0x86  Code  Gb  wwd_wifi.o [6]
wiced_wifi_get_rssi     0x08010659    0x4c  Code  Gb  wwd_wifi.o [6]
wiced_wifi_get_wifi_version
                        0x08010a19    0x52  Code  Gb  wwd_wifi.o [6]
wiced_wifi_is_packet_from_ap
                        0x0801e5fd     0xe  Code  Gb  wwd_ap.o [6]
wiced_wifi_is_ready_to_transceive
                        0x080102dd    0x70  Code  Gb  wwd_wifi.o [6]
wiced_wifi_join         0x0800fa8f   0x108  Code  Gb  wwd_wifi.o [6]
wiced_wifi_join_specific
                        0x0800fb97   0x194  Code  Gb  wwd_wifi.o [6]
wiced_wifi_leave        0x080100c1    0x66  Code  Gb  wwd_wifi.o [6]
wiced_wifi_prepare_join
                        0x0800fd2b   0x396  Code  Lc  wwd_wifi.o [6]
wiced_wifi_register_multicast_address
                        0x08010473    0xd0  Code  Gb  wwd_wifi.o [6]
wiced_wifi_remove_packet_filter
                        0x080108d9    0x2e  Code  Gb  wwd_wifi.o [6]
wiced_wifi_scan         0x0800f5f9   0x12c  Code  Gb  wwd_wifi.o [6]
wiced_wifi_scan_networks
                        0x080144f9   0x11c  Code  Gb  wifi.o [6]
wiced_wifi_set_channel  0x080107d7     0xc  Code  Gb  wwd_wifi.o [6]
wiced_wifi_set_down     0x08010765    0x20  Code  Gb  wwd_wifi.o [6]
wiced_wifi_set_maxassoc
                        0x08010a6b    0x2c  Code  Gb  wwd_wifi.o [6]
wiced_wifi_set_nmode    0x080102a9    0x2e  Code  Gb  wwd_wifi.o [6]
wiced_wifi_sleep_flag   0x20008eec     0x4  Data  Lc  wwd_ap.o [6]
wiced_wifi_start_ap     0x0801e1a7   0x332  Code  Gb  wwd_ap.o [6]
wiced_wifi_stop_ap      0x0801e4dd    0xea  Code  Gb  wwd_ap.o [6]
wiced_wifi_stop_scan    0x0800f725    0x58  Code  Gb  wwd_wifi.o [6]
wiced_wifi_toggle_packet_filter
                        0x08010913    0x32  Code  Gb  wwd_wifi.o [6]
wiced_wifi_unregister_multicast_address
                        0x08010543    0xf0  Code  Gb  wwd_wifi.o [6]
wiced_wlan_status       0x200002f8     0xc  Data  Gb  wwd_internal.o [6]
wiced_write_backplane_value
                        0x08026827    0x32  Code  Gb  wwd_bus_protocol.o [6]
wiced_write_register_value
                        0x0802688f    0x1e  Code  Gb  wwd_bus_protocol.o [6]
wiced_write_wifi_firmware_image
                        0x08032511    0xbe  Code  Gb  wwd_firmware.o [6]
wiced_write_wifi_nvram_image
                        0x080325cf   0x160  Code  Gb  wwd_firmware.o [6]
wifi_control_pins       0x08049fb0    0x10  Data  Gb  platform.o [2]
wifi_join_aping         0x20008f46     0x1  Data  Lc  wwd_wifi.o [6]
wifi_mgmt_parse         0x0800e3cd   0x10c  Code  Lc  smart_config.o [6]
wifi_net_status         0x08035d4d    0x44  Code  Gb  mico_tcl_ota.o [2]
wifi_nvram_image        0x08043924   0x30c  Data  Lc  wwd_firmware.o [6]
wifi_power_down         0x0800f04d    0x26  Code  Gb  mxchipWNET.o [6]
wifi_power_is_down      0x20008cfc     0x4  Data  Lc  mxchipWNET.o [6]
wifi_reboot_event       0x0800f2c1    0x18  Code  Gb  mico_system_notification.o [2]
wifi_reboot_only        0x08011ef5    0x34  Code  Gb  wifimgr.o [6]
wifi_sdio_pins          0x08047164    0x38  Data  Gb  platform.o [2]
wifi_status_callback    0x0800ec27    0x74  Code  Gb  mxchipWNET.o [6]
wifi_up                 0x20008ccc     0x4  Data  Lc  tftp_ota.o [2]
wifidebug_Command       0x08012625    0x70  Code  Gb  wifimgr.o [6]
wifimgr_debug_enable    0x08010ab9    0x1c  Code  Gb  wifimgr.o [6]
wifimgr_sem             0x20008d2c     0x4  Data  Lc  wifimgr.o [6]
wifimgr_thread          0x0801205d   0x148  Code  Lc  wifimgr.o [6]
wifiscan_Command        0x080126dd   0x268  Code  Gb  wifimgr.o [6]
wifistate_Command       0x08012441   0x1dc  Code  Gb  wifimgr.o [6]
wlan_disconnect         0x0801141d    0x48  Code  Gb  wifimgr.o [6]
wlan_driver_version     0x0800f0fd     0xa  Code  Gb  mxchipWNET.o [6]
wlan_get_mac_address    0x08011db7     0x8  Code  Gb  wifimgr.o [6]
wlan_init               0x08011ec9    0x28  Code  Gb  wifimgr.o [6]
wlu_is_ali_ie           0x0800d7f3    0x36  Code  Lc  smart_config.o [6]
wlu_is_wpa_ie           0x080109e3    0x36  Code  Lc  wwd_wifi.o [6]
wlu_parse_tlvs          0x0800d7cd    0x26  Code  Lc  smart_config.o [6]
wlu_parse_tlvs          0x080109bd    0x26  Code  Lc  wwd_wifi.o [6]
work_mode               0x20008e30     0x4  Data  Lc  smart_config.o [6]
worker_thread_main      0x080134b3    0x1c  Code  Lc  wiced_rtos.o [6]
workmode                0x20000314     0x4  Data  Gb  devproanaly.o [2]
wps_running             0x20008f41     0x1  Data  Lc  wps_host.o [6]
wwd_management_set_event_handler
                        0x0801c0ab   0x17e  Code  Gb  SDPCM.o [6]
wwd_thread_line         0x20008d80     0x4  Data  Gb  wwd_thread.o [6]
wwd_wifi_get_channel    0x08010799    0x3e  Code  Gb  wwd_wifi.o [6]
wwd_wifi_set_channel    0x080107e3    0x62  Code  Gb  wwd_wifi.o [6]
xActiveTimerList1       0x200089b8    0x14  Data  Lc  ostimers.o [6]
xActiveTimerList2       0x200089cc    0x14  Data  Lc  ostimers.o [6]
xDelayedTaskList1       0x200089e0    0x14  Data  Lc  tasks.o [6]
xDelayedTaskList2       0x200089f4    0x14  Data  Lc  tasks.o [6]
xMissedYield            0x20008dd4     0x4  Data  Lc  tasks.o [6]
xNextTaskUnblockTime    0x2000035c     0x4  Data  Lc  tasks.o [6]
xNumOfOverflows         0x20008dd8     0x4  Data  Lc  tasks.o [6]
xPendingReadyList       0x20008a08    0x14  Data  Lc  tasks.o [6]
xPortPendSVHandler      0x0802254f          Code  Gb  portasm.o [6]
xPortStartScheduler     0x08022073    0x3c  Code  Gb  port.o [6]
xPortSysTickHandler     0x080220e5    0x1a  Code  Gb  port.o [6]
xQueueCreateCountingSemaphore
                        0x08021b07    0x14  Code  Gb  queue.o [6]
xQueueCreateMutex       0x08021aab    0x5c  Code  Gb  queue.o [6]
xQueueGenericCreate     0x08021a2d    0x7e  Code  Gb  queue.o [6]
xQueueGenericReceive    0x08021c45   0x156  Code  Gb  queue.o [6]
xQueueGenericSend       0x08021b1b    0xd4  Code  Gb  queue.o [6]
xQueueGenericSendFromISR
                        0x08021bef    0x56  Code  Gb  queue.o [6]
xSchedulerRunning       0x20008dc8     0x4  Data  Lc  tasks.o [6]
xSuspendedTaskList      0x20008a30    0x14  Data  Lc  tasks.o [6]
xTaskCheckForTimeOut    0x08013ff7    0x60  Code  Gb  tasks.o [6]
xTaskForceAwakeClearPending
                        0x08013b75     0xc  Code  Gb  tasks.o [6]
xTaskForceAwakePending  0x08013b6b     0xa  Code  Gb  tasks.o [6]
xTaskGenericCreate      0x080138cd   0x130  Code  Gb  tasks.o [6]
xTaskGetCurrentTaskHandle
                        0x08014357     0x6  Code  Gb  tasks.o [6]
xTaskGetCurrentThread   0x08013b17     0x8  Code  Gb  tasks.o [6]
xTaskGetSchedulerState  0x0801435d    0x1c  Code  Gb  tasks.o [6]
xTaskGetTickCount       0x08013caf    0x14  Code  Gb  tasks.o [6]
xTaskGetTickCountFromISR
                        0x08013cc3    0x16  Code  Gb  tasks.o [6]
xTaskIsTaskFinished     0x08013aa7    0x70  Code  Gb  tasks.o [6]
xTaskRemoveFromEventList
                        0x08013f85    0x62  Code  Gb  tasks.o [6]
xTaskResumeAll          0x08013bdd    0xd2  Code  Gb  tasks.o [6]
xTasksWaitingTermination
                        0x20008a1c    0x14  Data  Lc  tasks.o [6]
xTickCount              0x20008dbc     0x4  Data  Lc  tasks.o [6]
xTimerCreate            0x08022177    0x4c  Code  Gb  ostimers.o [6]
xTimerCreateTimerTask   0x0802213d    0x3a  Code  Gb  ostimers.o [6]
xTimerGenericCommand    0x080221c3    0x52  Code  Gb  ostimers.o [6]
xTimerQueue             0x20008da0     0x4  Data  Lc  ostimers.o [6]
x_to_char               0x080364c5    0x6c  Code  Gb  mico_tcl_ota.o [2]
xorbuf                  0x0802932b    0x32  Code  Lc  aes.o [6]


[1] = E:\TCL\SVN\WiFi_Module_KT731_Project\02_代码\qingke\MICO\system\tftp_ota
[2] = E:\TCL\SVN\WiFi_Module_KT731_Project\02_代码\qingke\Projects\STM32F4xx\COM.MXCHIP.SPP\EWARM\3165\Obj
[3] = command line
[4] = dl7M_tlf.a
[5] = m7M_tls.a
[6] = mxchipWNet_cm4f_sdio.a
[7] = rt7M_tl.a
[8] = shb_l.a

  218 044 bytes of readonly  code memory
   39 694 bytes of readonly  data memory
  106 833 bytes of readwrite data memory

Errors: none
Warnings: 2
